Component: ARM Compiler 5.06 update 7 (build 960) Tool: armlink [4d3601]

==============================================================================

Section Cross References

    startup_stm32f10x_md.o(STACK) refers (Special) to heapauxi.o(.text) for __use_two_region_memory
    startup_stm32f10x_md.o(HEAP) refers (Special) to heapauxi.o(.text) for __use_two_region_memory
    startup_stm32f10x_md.o(RESET) refers (Special) to heapauxi.o(.text) for __use_two_region_memory
    startup_stm32f10x_md.o(RESET) refers to startup_stm32f10x_md.o(STACK) for __initial_sp
    startup_stm32f10x_md.o(RESET) refers to startup_stm32f10x_md.o(.text) for Reset_Handler
    startup_stm32f10x_md.o(RESET) refers to stm32f10x_it.o(i.NMI_Handler) for NMI_Handler
    startup_stm32f10x_md.o(RESET) refers to stm32f10x_it.o(i.HardFault_Handler) for HardFault_Handler
    startup_stm32f10x_md.o(RESET) refers to stm32f10x_it.o(i.MemManage_Handler) for MemManage_Handler
    startup_stm32f10x_md.o(RESET) refers to stm32f10x_it.o(i.BusFault_Handler) for BusFault_Handler
    startup_stm32f10x_md.o(RESET) refers to stm32f10x_it.o(i.UsageFault_Handler) for UsageFault_Handler
    startup_stm32f10x_md.o(RESET) refers to stm32f10x_it.o(i.SVC_Handler) for SVC_Handler
    startup_stm32f10x_md.o(RESET) refers to stm32f10x_it.o(i.DebugMon_Handler) for DebugMon_Handler
    startup_stm32f10x_md.o(RESET) refers to stm32f10x_it.o(i.PendSV_Handler) for PendSV_Handler
    startup_stm32f10x_md.o(RESET) refers to stm32f10x_it.o(i.SysTick_Handler) for SysTick_Handler
    startup_stm32f10x_md.o(RESET) refers to timer.o(i.TIM3_IRQHandler) for TIM3_IRQHandler
    startup_stm32f10x_md.o(.text) refers (Special) to heapauxi.o(.text) for __use_two_region_memory
    startup_stm32f10x_md.o(.text) refers to system_stm32f10x.o(i.SystemInit) for SystemInit
    startup_stm32f10x_md.o(.text) refers to __main.o(!!!main) for __main
    startup_stm32f10x_md.o(.text) refers to startup_stm32f10x_md.o(HEAP) for Heap_Mem
    startup_stm32f10x_md.o(.text) refers to startup_stm32f10x_md.o(STACK) for Stack_Mem
    system_stm32f10x.o(i.SetSysClock) refers to system_stm32f10x.o(i.SetSysClockTo72) for SetSysClockTo72
    system_stm32f10x.o(i.SystemCoreClockUpdate) refers to system_stm32f10x.o(.data) for SystemCoreClock
    system_stm32f10x.o(i.SystemInit) refers to system_stm32f10x.o(i.SetSysClock) for SetSysClock
    main.o(i.main) refers to snak_game.o(i.init_game) for init_game
    main.o(i.main) refers to snak_game.o(i.MainLoop) for MainLoop
    main.o(i.main) refers to snak_game.o(i.gesture_check) for gesture_check
    oled_i2c.o(i.Init_OLED_I2C) refers to stm32f10x_rcc.o(i.RCC_APB2PeriphClockCmd) for RCC_APB2PeriphClockCmd
    oled_i2c.o(i.Init_OLED_I2C) refers to stm32f10x_gpio.o(i.GPIO_Init) for GPIO_Init
    oled_i2c.o(i.Init_OLED_I2C) refers to stm32f10x_gpio.o(i.GPIO_WriteBit) for GPIO_WriteBit
    oled_i2c.o(i.OLED_WriteCommand) refers to oled_i2c.o(i.start) for start
    oled_i2c.o(i.OLED_WriteCommand) refers to oled_i2c.o(i.send_byte) for send_byte
    oled_i2c.o(i.OLED_WriteCommand) refers to oled_i2c.o(i.accept_response) for accept_response
    oled_i2c.o(i.OLED_WriteCommand) refers to oled_i2c.o(i.stop) for stop
    oled_i2c.o(i.OLED_WriteData) refers to oled_i2c.o(i.start) for start
    oled_i2c.o(i.OLED_WriteData) refers to oled_i2c.o(i.send_byte) for send_byte
    oled_i2c.o(i.OLED_WriteData) refers to oled_i2c.o(i.accept_response) for accept_response
    oled_i2c.o(i.OLED_WriteData) refers to oled_i2c.o(i.stop) for stop
    oled_i2c.o(i.accept_response) refers to stm32f10x_gpio.o(i.GPIO_WriteBit) for GPIO_WriteBit
    oled_i2c.o(i.accept_response) refers to oled_i2c.o(i.I2C_delay) for I2C_delay
    oled_i2c.o(i.send_byte) refers to stm32f10x_gpio.o(i.GPIO_WriteBit) for GPIO_WriteBit
    oled_i2c.o(i.send_byte) refers to oled_i2c.o(i.I2C_delay) for I2C_delay
    oled_i2c.o(i.start) refers to stm32f10x_gpio.o(i.GPIO_WriteBit) for GPIO_WriteBit
    oled_i2c.o(i.start) refers to oled_i2c.o(i.I2C_delay) for I2C_delay
    oled_i2c.o(i.stop) refers to stm32f10x_gpio.o(i.GPIO_WriteBit) for GPIO_WriteBit
    oled_i2c.o(i.stop) refers to oled_i2c.o(i.I2C_delay) for I2C_delay
    oled12864.o(i.OLED_Clear) refers to oled12864.o(i.OLED_SetCursor) for OLED_SetCursor
    oled12864.o(i.OLED_Clear) refers to oled_i2c.o(i.OLED_WriteData) for OLED_WriteData
    oled12864.o(i.OLED_ColorTurn) refers to oled_i2c.o(i.OLED_WriteCommand) for OLED_WriteCommand
    oled12864.o(i.OLED_DisPlay_Off) refers to oled_i2c.o(i.OLED_WriteCommand) for OLED_WriteCommand
    oled12864.o(i.OLED_DisPlay_On) refers to oled_i2c.o(i.OLED_WriteCommand) for OLED_WriteCommand
    oled12864.o(i.OLED_Init) refers to oled_i2c.o(i.Init_OLED_I2C) for Init_OLED_I2C
    oled12864.o(i.OLED_Init) refers to oled_i2c.o(i.OLED_WriteCommand) for OLED_WriteCommand
    oled12864.o(i.OLED_Init) refers to oled12864.o(i.OLED_Clear) for OLED_Clear
[...]
    .ARM.Collect$$libinit$$00000017          0x0800018c   Section        0  libinit2.o(.ARM.Collect$$libinit$$00000017)
    .ARM.Collect$$libinit$$00000019          0x0800018c   Section        0  libinit2.o(.ARM.Collect$$libinit$$00000019)
    .ARM.Collect$$libinit$$0000001B          0x0800018c   Section        0  libinit2.o(.ARM.Collect$$libinit$$0000001B)
    .ARM.Collect$$libinit$$0000001D          0x0800018c   Section        0  libinit2.o(.ARM.Collect$$libinit$$0000001D)
    .ARM.Collect$$libinit$$0000001F          0x0800018c   Section        0  libinit2.o(.ARM.Collect$$libinit$$0000001F)
    .ARM.Collect$$libinit$$00000021          0x0800018c   Section        0  libinit2.o(.ARM.Collect$$libinit$$00000021)
    .ARM.Collect$$libinit$$00000023          0x0800018c   Section        0  libinit2.o(.ARM.Collect$$libinit$$00000023)
    .ARM.Collect$$libinit$$00000025          0x0800018c   Section        0  libinit2.o(.ARM.Collect$$libinit$$00000025)
    .ARM.Collect$$libinit$$0000002C          0x0800018c   Section        0  libinit2.o(.ARM.Collect$$libinit$$0000002C)
    .ARM.Collect$$libinit$$0000002E          0x0800018c   Section        0  libinit2.o(.ARM.Collect$$libinit$$0000002E)
    .ARM.Collect$$libinit$$00000030          0x0800018c   Section        0  libinit2.o(.ARM.Collect$$libinit$$00000030)
    .ARM.Collect$$libinit$$00000032          0x0800018c   Section        0  libinit2.o(.ARM.Collect$$libinit$$00000032)
    .ARM.Collect$$libinit$$00000033          0x0800018c   Section        2  libinit2.o(.ARM.Collect$$libinit$$00000033)
    .ARM.Collect$$libshutdown$$00000000      0x0800018e   Section        2  libshutdown.o(.ARM.Collect$$libshutdown$$00000000)
    .ARM.Collect$$libshutdown$$00000002      0x08000190   Section        0  libshutdown2.o(.ARM.Collect$$libshutdown$$00000002)
    .ARM.Collect$$libshutdown$$00000004      0x08000190   Section        0  libshutdown2.o(.ARM.Collect$$libshutdown$$00000004)
    .ARM.Collect$$libshutdown$$00000006      0x08000190   Section        0  libshutdown2.o(.ARM.Collect$$libshutdown$$00000006)
    .ARM.Collect$$libshutdown$$00000009      0x08000190   Section        0  libshutdown2.o(.ARM.Collect$$libshutdown$$00000009)
    .ARM.Collect$$libshutdown$$0000000C      0x08000190   Section        0  libshutdown2.o(.ARM.Collect$$libshutdown$$0000000C)
    .ARM.Collect$$libshutdown$$0000000E      0x08000190   Section        0  libshutdown2.o(.ARM.Collect$$libshutdown$$0000000E)
    .ARM.Collect$$libshutdown$$00000011      0x08000190   Section        0  libshutdown2.o(.ARM.Collect$$libshutdown$$00000011)
    .ARM.Collect$$libshutdown$$00000012      0x08000190   Section        2  libshutdown2.o(.ARM.Collect$$libshutdown$$00000012)
    .ARM.Collect$$rtentry$$00000000          0x08000192   Section        0  __rtentry.o(.ARM.Collect$$rtentry$$00000000)
    .ARM.Collect$$rtentry$$00000002          0x08000192   Section        0  __rtentry2.o(.ARM.Collect$$rtentry$$00000002)
    .ARM.Collect$$rtentry$$00000004          0x08000192   Section        6  __rtentry4.o(.ARM.Collect$$rtentry$$00000004)
    .ARM.Collect$$rtentry$$00000009          0x08000198   Section        0  __rtentry2.o(.ARM.Collect$$rtentry$$00000009)
    .ARM.Collect$$rtentry$$0000000A          0x08000198   Section        4  __rtentry2.o(.ARM.Collect$$rtentry$$0000000A)
    .ARM.Collect$$rtentry$$0000000C          0x0800019c   Section        0  __rtentry2.o(.ARM.Collect$$rtentry$$0000000C)
    .ARM.Collect$$rtentry$$0000000D          0x0800019c   Section        8  __rtentry2.o(.ARM.Collect$$rtentry$$0000000D)
    .ARM.Collect$$rtexit$$00000000           0x080001a4   Section        2  rtexit.o(.ARM.Collect$$rtexit$$00000000)
    .ARM.Collect$$rtexit$$00000002           0x080001a6   Section        0  rtexit2.o(.ARM.Collect$$rtexit$$00000002)
    .ARM.Collect$$rtexit$$00000003           0x080001a6   Section        4  rtexit2.o(.ARM.Collect$$rtexit$$00000003)
    .ARM.Collect$$rtexit$$00000004           0x080001aa   Section        6  rtexit2.o(.ARM.Collect$$rtexit$$00000004)
    .emb_text                                0x080001b0   Section       52  rand.o(.emb_text)
    .text                                    0x080001e4   Section       64  startup_stm32f10x_md.o(.text)
    .text                                    0x08000224   Section        0  noretval__2sprintf.o(.text)
    .text                                    0x0800024c   Section        0  _printf_dec.o(.text)
    .text                                    0x080002c4   Section        0  _printf_hex_int.o(.text)
    .text                                    0x0800031c   Section        0  __printf_flags_wp.o(.text)
    .text                                    0x08000454   Section        0  rand.o(.text)
    .text                                    0x08000490   Section        0  heapauxi.o(.text)
    .text                                    0x08000496   Section        0  _rserrno.o(.text)
    .text                                    0x080004ac   Section        0  _printf_intcommon.o(.text)
    .text                                    0x0800055e   Section        0  _printf_fp_dec.o(.text)
    _fp_digits                               0x08000561   Thumb Code   432  _printf_fp_dec.o(.text)
    .text                                    0x0800097c   Section        0  _printf_char_common.o(.text)
    _printf_input_char                       0x0800097d   Thumb Code    10  _printf_char_common.o(.text)
    .text                                    0x080009ac   Section        0  _sputc.o(.text)
    .text                                    0x080009b8   Section        8  rt_locale_intlibspace.o(.text)
    .text                                    0x080009c0   Section        8  rt_errno_addr_intlibspace.o(.text)
    .text                                    0x080009c8   Section      138  lludiv10.o(.text)
    .text                                    0x08000a54   Section        0  _printf_fp_infnan.o(.text)
    .text                                    0x08000ad4   Section        0  bigflt0.o(.text)
    .text                                    0x08000bb8   Section        8  libspace.o(.text)
    .text                                    0x08000bc0   Section       74  sys_stackheap_outer.o(.text)
    .text                                    0x08000c0a   Section        0  exit.o(.text)
    .text                                    0x08000c1c   Section      128  strcmpv7m.o(.text)
    .text                                    0x08000c9c   Section        2  use_no_semi.o(.text)
    .text                                    0x08000c9e   Section        0  indicate_semi.o(.text)
    .text                                    0x08000ca0   Section        0  sys_exit.o(.text)
    CL$$btod_d2e                             0x08000cac   Section       62  btod.o(CL$$btod_d2e)
    CL$$btod_d2e_denorm_low                  0x08000cea   Section       70  btod.o(CL$$btod_d2e_denorm_low)
    CL$$btod_d2e_norm_op1                    0x08000d30   Section       96  btod.o(CL$$btod_d2e_norm_op1)
    CL$$btod_div_common                      0x08000d90   Section      824  btod.o(CL$$btod_div_common)
    CL$$btod_e2e                             0x080010c8   Section      220  btod.o(CL$$btod_e2e)
    CL$$btod_ediv                            0x080011a4   Section       42  btod.o(CL$$btod_ediv)
    CL$$btod_emul                            0x080011ce   Section       42  btod.o(CL$$btod_emul)
    CL$$btod_mult_common                     0x080011f8   Section      580  btod.o(CL$$btod_mult_common)
    i.BusFault_Handler                       0x0800143c   Section        0  stm32f10x_it.o(i.BusFault_Handler)
    i.DebugMon_Handler                       0x08001440   Section        0  stm32f10x_it.o(i.DebugMon_Handler)
    i.Delay_ms                               0x08001442   Section        0  sys_tick.o(i.Delay_ms)
    i.Delay_s                                0x0800145a   Section        0  sys_tick.o(i.Delay_s)
    i.Delay_us                               0x08001472   Section        0  sys_tick.o(i.Delay_us)
    i.Food_check                             0x080014d0   Section        0  snak_game.o(i.Food_check)
    i.GPIO_Init                              0x0800162c   Section        0  stm32f10x_gpio.o(i.GPIO_Init)
    i.GPIO_ReadInputDataBit                  0x08001742   Section        0  stm32f10x_gpio.o(i.GPIO_ReadInputDataBit)
    i.GPIO_SetBits                           0x08001754   Section        0  stm32f10x_gpio.o(i.GPIO_SetBits)
    i.GPIO_WriteBit                          0x08001758   Section        0  stm32f10x_gpio.o(i.GPIO_WriteBit)
    i.HardFault_Handler                      0x08001762   Section        0  stm32f10x_it.o(i.HardFault_Handler)
    i.I2C_R_SDA                              0x08001768   Section        0  mpu6050_i2c.o(i.I2C_R_SDA)
    i.I2C_W_SCL                              0x0800178c   Section        0  mpu6050_i2c.o(i.I2C_W_SCL)
    i.I2C_W_SDA                              0x080017b0   Section        0  mpu6050_i2c.o(i.I2C_W_SDA)
    i.I2C_delay                              0x080017d4   Section        0  oled_i2c.o(i.I2C_delay)
    i.Init_MPU6050_I2C                       0x080017e4   Section        0  mpu6050_i2c.o(i.Init_MPU6050_I2C)
    i.Init_OLED_I2C                          0x08001818   Section        0  oled_i2c.o(i.Init_OLED_I2C)
    i.MPU6050_GetData                        0x08001868   Section        0  mpu6050.o(i.MPU6050_GetData)
    i.MPU6050_Init                           0x08001b18   Section        0  mpu6050.o(i.MPU6050_Init)
    i.MPU6050_ReadData                       0x08001b4e   Section        0  mpu6050_i2c.o(i.MPU6050_ReadData)
    i.MPU6050_WriteCommand                   0x08001b8c   Section        0  mpu6050_i2c.o(i.MPU6050_WriteCommand)
    i.MainLoop                               0x08001bbc   Section        0  snak_game.o(i.MainLoop)
    i.MemManage_Handler                      0x08001d20   Section        0  stm32f10x_it.o(i.MemManage_Handler)
    i.NMI_Handler                            0x08001d24   Section        0  stm32f10x_it.o(i.NMI_Handler)
    i.NVIC_Init                              0x08001d28   Section        0  misc.o(i.NVIC_Init)
    i.OLED_Clear                             0x08001d98   Section        0  oled12864.o(i.OLED_Clear)
    i.OLED_ColorTurn                         0x08001dc2   Section        0  oled12864.o(i.OLED_ColorTurn)
    i.OLED_Init                              0x08001de0   Section        0  oled12864.o(i.OLED_Init)
    i.OLED_Scroll_horizontally               0x08001e70   Section        0  oled12864.o(i.OLED_Scroll_horizontally)
    i.OLED_Scroll_horizontally_OFF           0x08001eb6   Section        0  oled12864.o(i.OLED_Scroll_horizontally_OFF)
    i.OLED_SetCursor                         0x08001ec0   Section        0  oled12864.o(i.OLED_SetCursor)
    i.OLED_WriteCommand                      0x08001ee2   Section        0  oled_i2c.o(i.OLED_WriteCommand)
    i.OLED_WriteData                         0x08001f0e   Section        0  oled_i2c.o(i.OLED_WriteData)
    i.OLED_showChar                          0x08001f3c   Section        0  oled12864.o(i.OLED_showChar)
    i.OLED_showImage                         0x08001fc4   Section        0  oled12864.o(i.OLED_showImage)
    i.OLED_showString                        0x08002010   Section        0  oled12864.o(i.OLED_showString)
    i.OLED_show_Number                       0x0800204c   Section        0  oled12864.o(i.OLED_show_Number)
    i.PendSV_Handler                         0x080020f8   Section        0  stm32f10x_it.o(i.PendSV_Handler)
    i.RCC_APB1PeriphClockCmd                 0x080020fc   Section        0  stm32f10x_rcc.o(i.RCC_APB1PeriphClockCmd)
    i.RCC_APB1PeriphResetCmd                 0x0800211c   Section        0  stm32f10x_rcc.o(i.RCC_APB1PeriphResetCmd)
    i.RCC_APB2PeriphClockCmd                 0x0800213c   Section        0  stm32f10x_rcc.o(i.RCC_APB2PeriphClockCmd)
    i.SVC_Handler                            0x0800215c   Section        0  stm32f10x_it.o(i.SVC_Handler)
    i.SetSysClock                            0x0800215e   Section        0  system_stm32f10x.o(i.SetSysClock)
    SetSysClock                              0x0800215f   Thumb Code     8  system_stm32f10x.o(i.SetSysClock)
    i.SetSysClockTo72                        0x08002168   Section        0  system_stm32f10x.o(i.SetSysClockTo72)
    SetSysClockTo72                          0x08002169   Thumb Code   214  system_stm32f10x.o(i.SetSysClockTo72)
    i.SysTick_Handler                        0x08002248   Section        0  stm32f10x_it.o(i.SysTick_Handler)
    i.SystemInit                             0x0800224c   Section        0  system_stm32f10x.o(i.SystemInit)
    i.TIM3_IRQHandler                        0x080022ac   Section        0  timer.o(i.TIM3_IRQHandler)
    i.TIM_ARRPreloadConfig                   0x080022d8   Section        0  stm32f10x_tim.o(i.TIM_ARRPreloadConfig)
    i.TIM_ClearFlag                          0x080022f0   Section        0  stm32f10x_tim.o(i.TIM_ClearFlag)
    i.TIM_Cmd                                0x080022f6   Section        0  stm32f10x_tim.o(i.TIM_Cmd)
    i.TIM_GenerateEvent                      0x0800230e   Section        0  stm32f10x_tim.o(i.TIM_GenerateEvent)
    i.TIM_GetFlagStatus                      0x08002312   Section        0  stm32f10x_tim.o(i.TIM_GetFlagStatus)
    i.TIM_ITConfig                           0x08002324   Section        0  stm32f10x_tim.o(i.TIM_ITConfig)
    i.TIM_TimeBaseInit                       0x08002338   Section        0  stm32f10x_tim.o(i.TIM_TimeBaseInit)
    i.UsageFault_Handler                     0x080023dc   Section        0  stm32f10x_it.o(i.UsageFault_Handler)
    i.__ARM_fpclassify                       0x080023e0   Section        0  fpclassify.o(i.__ARM_fpclassify)
    i.__kernel_poly                          0x08002408   Section        0  poly.o(i.__kernel_poly)
    i.__mathlib_dbl_infnan                   0x080024b2   Section        0  dunder.o(i.__mathlib_dbl_infnan)
    i.__mathlib_dbl_infnan2                  0x080024b8   Section        0  dunder.o(i.__mathlib_dbl_infnan2)
    i.__mathlib_dbl_underflow                0x080024bc   Section        0  dunder.o(i.__mathlib_dbl_underflow)
    i._is_digit                              0x080024cc   Section        0  __printf_wp.o(i._is_digit)
    i.accept_response                        0x080024dc   Section        0  oled_i2c.o(i.accept_response)
    i.atan                                   0x08002514   Section        0  atan.o(i.atan)
    i.atan2                                  0x08002734   Section        0  atan2.o(i.atan2)
    i.dir_check                              0x080028d0   Section        0  snak_game.o(i.dir_check)
    i.gesture_check                          0x080029ac   Section        0  snak_game.o(i.gesture_check)
    i.get_ms                                 0x080029d8   Section        0  timer.o(i.get_ms)
    i.init_game                              0x080029e4   Section        0  snak_game.o(i.init_game)
    i.init_timer_3                           0x08002a30   Section        0  timer.o(i.init_timer_3)
    i.isDeath                                0x08002aac   Section        0  snak_game.o(i.isDeath)
    i.isPositionOnSnake                      0x08002b40   Section        0  snak_game.o(i.isPositionOnSnake)
    i.main                                   0x08002b78   Section        0  main.o(i.main)
    i.menu_control                           0x08002b88   Section        0  snak_game.o(i.menu_control)
    i.move                                   0x08002d84   Section        0  snak_game.o(i.move)
    i.mpu6050_accept_byte                    0x08002e68   Section        0  mpu6050_i2c.o(i.mpu6050_accept_byte)
    i.mpu6050_accept_response                0x08002e9c   Section        0  mpu6050_i2c.o(i.mpu6050_accept_response)
    i.mpu6050_send_byte                      0x08002eba   Section        0  mpu6050_i2c.o(i.mpu6050_send_byte)
    i.mpu6050_send_response                  0x08002ee4   Section        0  mpu6050_i2c.o(i.mpu6050_send_response)
    i.mpu6050_start                          0x08002efc   Section        0  mpu6050_i2c.o(i.mpu6050_start)
    i.mpu6050_stop                           0x08002f18   Section        0  mpu6050_i2c.o(i.mpu6050_stop)
    i.print_OLED_SnakeBody                   0x08002f34   Section        0  snak_game.o(i.print_OLED_SnakeBody)
    i.print_game_menu                        0x08002f70   Section        0  snak_game.o(i.print_game_menu)
    i.send_byte                              0x08002fd0   Section        0  oled_i2c.o(i.send_byte)
    i.set_ms                                 0x0800301c   Section        0  timer.o(i.set_ms)
    i.start                                  0x08003028   Section        0  oled_i2c.o(i.start)
    i.stop                                   0x08003068   Section        0  oled_i2c.o(i.stop)
    locale$$code                             0x08003094   Section       44  lc_numeric_c.o(locale$$code)
    x$fpl$d2f                                0x080030c0   Section       98  d2f.o(x$fpl$d2f)
    x$fpl$dadd                               0x08003124   Section      336  daddsub_clz.o(x$fpl$dadd)
    _dadd1                                   0x08003135   Thumb Code     0  daddsub_clz.o(x$fpl$dadd)
    x$fpl$dcheck1                            0x08003274   Section       16  dcheck1.o(x$fpl$dcheck1)
    x$fpl$dcmpinf                            0x08003284   Section       24  dcmpi.o(x$fpl$dcmpinf)
    x$fpl$ddiv                               0x0800329c   Section      688  ddiv.o(x$fpl$ddiv)
    ddiv_entry                               0x080032a3   Thumb Code     0  ddiv.o(x$fpl$ddiv)
    x$fpl$deqf                               0x0800354c   Section      120  deqf.o(x$fpl$deqf)
    x$fpl$dmul                               0x080035c4   Section      340  dmul.o(x$fpl$dmul)
    x$fpl$dnaninf                            0x08003718   Section      156  dnaninf.o(x$fpl$dnaninf)
    x$fpl$dretinf                            0x080037b4   Section       12  dretinf.o(x$fpl$dretinf)
    x$fpl$drsb                               0x080037c0   Section       22  daddsub_clz.o(x$fpl$drsb)
    x$fpl$dsub                               0x080037d8   Section      468  daddsub_clz.o(x$fpl$dsub)
    _dsub1                                   0x080037e9   Thumb Code     0  daddsub_clz.o(x$fpl$dsub)
    x$fpl$f2d                                0x080039ac   Section       86  f2d.o(x$fpl$f2d)
    x$fpl$fadd                               0x08003a04   Section      196  faddsub_clz.o(x$fpl$fadd)
    _fadd1                                   0x08003a13   Thumb Code     0  faddsub_clz.o(x$fpl$fadd)
    x$fpl$fcmpinf                            0x08003ac8   Section       24  fcmpi.o(x$fpl$fcmpinf)
    x$fpl$fdiv                               0x08003ae0   Section      388  fdiv.o(x$fpl$fdiv)
    _fdiv1                                   0x08003ae1   Thumb Code     0  fdiv.o(x$fpl$fdiv)
    x$fpl$ffix                               0x08003c64   Section       54  ffix.o(x$fpl$ffix)
    x$fpl$fflt                               0x08003c9c   Section       48  fflt_clz.o(x$fpl$fflt)
    x$fpl$ffltu                              0x08003ccc   Section       38  fflt_clz.o(x$fpl$ffltu)
    x$fpl$fleqf                              0x08003cf4   Section      104  fleqf.o(x$fpl$fleqf)
    x$fpl$fmul                               0x08003d5c   Section      258  fmul.o(x$fpl$fmul)
    x$fpl$fnaninf                            0x08003e5e   Section      140  fnaninf.o(x$fpl$fnaninf)
    x$fpl$fretinf                            0x08003eea   Section       10  fretinf.o(x$fpl$fretinf)
    x$fpl$frleqf                             0x08003ef4   Section       98  frleqf.o(x$fpl$frleqf)
    x$fpl$fsub                               0x08003f58   Section      234  faddsub_clz.o(x$fpl$fsub)
    _fsub1                                   0x08003f67   Thumb Code     0  faddsub_clz.o(x$fpl$fsub)
    x$fpl$printf1                            0x08004042   Section        4  printf1.o(x$fpl$printf1)
    x$fpl$retnan                             0x08004046   Section      100  retnan.o(x$fpl$retnan)
    x$fpl$scalbn                             0x080040aa   Section       92  scalbn.o(x$fpl$scalbn)
    x$fpl$trapveneer                         0x08004106   Section       48  trapv.o(x$fpl$trapveneer)
    .constdata                               0x08004136   Section     2072  oled12864.o(.constdata)
    x$fpl$usenofp                            0x08004136   Section        0  usenofp.o(x$fpl$usenofp)
    .constdata                               0x0800494e   Section     3096  snak_game.o(.constdata)
    .constdata                               0x08005566   Section       40  _printf_hex_int.o(.constdata)
    uc_hextab                                0x08005566   Data          20  _printf_hex_int.o(.constdata)
    lc_hextab                                0x0800557a   Data          20  _printf_hex_int.o(.constdata)
    .constdata                               0x0800558e   Section       17  __printf_flags_wp.o(.constdata)
    maptable                                 0x0800558e   Data          17  __printf_flags_wp.o(.constdata)
    .constdata                               0x080055a0   Section      152  atan.o(.constdata)
    atanhi                                   0x080055a0   Data          32  atan.o(.constdata)
    atanlo                                   0x080055c0   Data          32  atan.o(.constdata)
    aTodd                                    0x080055e0   Data          40  atan.o(.constdata)
    aTeven                                   0x08005608   Data          48  atan.o(.constdata)
    .constdata                               0x08005638   Section        8  qnan.o(.constdata)
    .constdata                               0x08005640   Section      148  bigflt0.o(.constdata)
    tenpwrs_x                                0x08005640   Data          60  bigflt0.o(.constdata)
    tenpwrs_i                                0x0800567c   Data          64  bigflt0.o(.constdata)
    locale$$data                             0x080056f4   Section       28  lc_numeric_c.o(locale$$data)
    __lcnum_c_name                           0x080056f8   Data           2  lc_numeric_c.o(locale$$data)
    __lcnum_c_start                          0x08005700   Data           0  lc_numeric_c.o(locale$$data)
    __lcnum_c_point                          0x0800570c   Data           0  lc_numeric_c.o(locale$$data)
    __lcnum_c_thousands                      0x0800570e   Data           0  lc_numeric_c.o(locale$$data)
    __lcnum_c_grouping                       0x0800570f   Data           0  lc_numeric_c.o(locale$$data)
    __lcnum_c_end                            0x08005710   Data           0  lc_numeric_c.o(locale$$data)
    .data                                    0x20000000   Section       20  snak_game.o(.data)
    .data                                    0x20000014   Section        1  timer.o(.data)
    .bss                                     0x20000018   Section       40  mpu6050.o(.bss)
    data_array                               0x20000018   Data          40  mpu6050.o(.bss)
    .bss                                     0x20000040   Section       60  snak_game.o(.bss)
    .bss                                     0x2000007c   Section      228  rand.o(.bss)
    .bss                                     0x20000160   Section       96  libspace.o(.bss)
    HEAP                                     0x200001c0   Section      512  startup_stm32f10x_md.o(HEAP)
    Heap_Mem                                 0x200001c0   Data         512  startup_stm32f10x_md.o(HEAP)
    STACK                                    0x200003c0   Section     1024  startup_stm32f10x_md.o(STACK)
    Stack_Mem                                0x200003c0   Data        1024  startup_stm32f10x_md.o(STACK)
    __initial_sp                             0x200007c0   Data           0  startup_stm32f10x_md.o(STACK)

    Global Symbols

    Symbol Name                              Value     Ov Type        Size  Object(Section)

    BuildAttributes$$THM_ISAv4$P$D$K$B$S$PE$A:L22UL41UL21$X:L11$S22US41US21$IEEE1$IW$USESV6$~STKCKD$USESV7$~SHL$OTIME$ROPI$IEEEX$EBA8$UX$STANDARDLIB$REQ8$PRES8$EABIv2 0x00000000   Number         0  anon$$obj.o ABSOLUTE
    __ARM_use_no_argv                        0x00000000   Number         0  main.o ABSOLUTE
    _printf_flags                            0x00000000   Number         0  printf_stubs.o ABSOLUTE
    _printf_return_value                     0x00000000   Number         0  printf_stubs.o ABSOLUTE
    _printf_sizespec                         0x00000000   Number         0  printf_stubs.o ABSOLUTE
    _printf_widthprec                        0x00000000   Number         0  printf_stubs.o ABSOLUTE
    __ARM_exceptions_init                     - Undefined Weak Reference
    __alloca_initialize                       - Undefined Weak Reference
    __arm_fini_                               - Undefined Weak Reference
    __arm_preinit_                            - Undefined Weak Reference
    __cpp_initialize__aeabi_                  - Undefined Weak Reference
    __cxa_finalize                            - Undefined Weak Reference
    __sigvec_lookup                           - Undefined Weak Reference
    _atexit_init                              - Undefined Weak Reference
    _call_atexit_fns                          - Undefined Weak Reference
    _clock_init                               - Undefined Weak Reference
    _fp_trap_init                             - Undefined Weak Reference
    _fp_trap_shutdown                         - Undefined Weak Reference
    _get_lc_collate                           - Undefined Weak Reference
    _get_lc_ctype                             - Undefined Weak Reference
    _get_lc_monetary                          - Undefined Weak Reference
    _get_lc_time                              - Undefined Weak Reference
    _getenv_init                              - Undefined Weak Reference
    _handle_redirection                       - Undefined Weak Reference
    _init_alloc                               - Undefined Weak Reference
    _init_user_alloc                          - Undefined Weak Reference
    _initio                                   - Undefined Weak Reference
    _printf_post_padding                      - Undefined Weak Reference
    _printf_pre_padding                       - Undefined Weak Reference
    _printf_truncate_signed                   - Undefined Weak Reference
    _printf_truncate_unsigned                 - Undefined Weak Reference
    _signal_finish                            - Undefined Weak Reference
    _signal_init                              - Undefined Weak Reference
    _terminate_alloc                          - Undefined Weak Reference
    _terminate_user_alloc                     - Undefined Weak Reference
    _terminateio                              - Undefined Weak Reference
    __Vectors_Size                           0x000000ec   Number         0  startup_stm32f10x_md.o ABSOLUTE
    __Vectors                                0x08000000   Data           4  startup_stm32f10x_md.o(RESET)
    __Vectors_End                            0x080000ec   Data           0  startup_stm32f10x_md.o(RESET)
    __main                                   0x080000ed   Thumb Code     8  __main.o(!!!main)
    __scatterload                            0x080000f5   Thumb Code     0  __scatter.o(!!!scatter)
    __scatterload_rt2                        0x080000f5   Thumb Code    44  __scatter.o(!!!scatter)
    __scatterload_rt2_thumb_only             0x080000f5   Thumb Code     0  __scatter.o(!!!scatter)
    __scatterload_null                       0x08000103   Thumb Code     0  __scatter.o(!!!scatter)
    __scatterload_copy                       0x08000129   Thumb Code    26  __scatter_copy.o(!!handler_copy)
    __scatterload_zeroinit                   0x08000145   Thumb Code    28  __scatter_zi.o(!!handler_zi)
    _printf_f                                0x08000161   Thumb Code     0  _printf_f.o(.ARM.Collect$$_printf_percent$$00000003)
    _printf_percent                          0x08000161   Thumb Code     0  _printf_percent.o(.ARM.Collect$$_printf_percent$$00000000)
    _printf_d                                0x08000167   Thumb Code     0  _printf_d.o(.ARM.Collect$$_printf_percent$$00000009)
    _printf_x                                0x0800016d   Thumb Code     0  _printf_x.o(.ARM.Collect$$_printf_percent$$0000000C)
    _printf_percent_end                      0x08000173   Thumb Code     0  _printf_percent_end.o(.ARM.Collect$$_printf_percent$$00000017)
    __rt_lib_init                            0x08000177   Thumb Code     0  libinit.o(.ARM.Collect$$libinit$$00000000)
    __rt_lib_init_fp_1                       0x08000179   Thumb Code     0  libinit2.o(.ARM.Collect$$libinit$$00000002)
    __rt_lib_init_heap_1                     0x08000179   Thumb Code     0  libinit2.o(.ARM.Collect$$libinit$$0000000A)
    __rt_lib_init_preinit_1                  0x08000179   Thumb Code     0  libinit2.o(.ARM.Collect$$libinit$$00000004)
    __rt_lib_init_rand_2                     0x08000179   Thumb Code     0  libinit2.o(.ARM.Collect$$libinit$$0000000D)
    __rt_lib_init_user_alloc_1               0x08000179   Thumb Code     0  libinit2.o(.ARM.Collect$$libinit$$0000000C)
    __rt_lib_init_lc_common                  0x0800017d   Thumb Code     0  libinit2.o(.ARM.Collect$$libinit$$0000000F)
    __rt_lib_init_rand_1                     0x0800017d   Thumb Code     0  libinit2.o(.ARM.Collect$$libinit$$0000000E)
    __rt_lib_init_lc_collate_1               0x08000183   Thumb Code     0  libinit2.o(.ARM.Collect$$libinit$$00000011)
    __rt_lib_init_lc_ctype_1                 0x08000183   Thumb Code     0  libinit2.o(.ARM.Collect$$libinit$$00000013)
    __rt_lib_init_lc_monetary_1              0x08000183   Thumb Code     0  libinit2.o(.ARM.Collect$$libinit$$00000015)
    __rt_lib_init_lc_numeric_2               0x08000183   Thumb Code     0  libinit2.o(.ARM.Collect$$libinit$$00000016)
    __rt_lib_init_alloca_1                   0x0800018d   Thumb Code     0  libinit2.o(.ARM.Collect$$libinit$$0000002E)
    __rt_lib_init_argv_1                     0x0800018d   Thumb Code     0  libinit2.o(.ARM.Collect$$libinit$$0000002C)
    __rt_lib_init_atexit_1                   0x0800018d   Thumb Code     0  libinit2.o(.ARM.Collect$$libinit$$0000001B)
    __rt_lib_init_clock_1                    0x0800018d   Thumb Code     0  libinit2.o(.ARM.Collect$$libinit$$00000021)
    __rt_lib_init_cpp_1                      0x0800018d   Thumb Code     0  libinit2.o(.ARM.Collect$$libinit$$00000032)
    __rt_lib_init_exceptions_1               0x0800018d   Thumb Code     0  libinit2.o(.ARM.Collect$$libinit$$00000030)
    __rt_lib_init_fp_trap_1                  0x0800018d   Thumb Code     0  libinit2.o(.ARM.Collect$$libinit$$0000001F)
    __rt_lib_init_getenv_1                   0x0800018d   Thumb Code     0  libinit2.o(.ARM.Collect$$libinit$$00000023)
    __rt_lib_init_lc_numeric_1               0x0800018d   Thumb Code     0  libinit2.o(.ARM.Collect$$libinit$$00000017)
    __rt_lib_init_lc_time_1                  0x0800018d   Thumb Code     0  libinit2.o(.ARM.Collect$$libinit$$00000019)
    __rt_lib_init_return                     0x0800018d   Thumb Code     0  libinit2.o(.ARM.Collect$$libinit$$00000033)
    __rt_lib_init_signal_1                   0x0800018d   Thumb Code     0  libinit2.o(.ARM.Collect$$libinit$$0000001D)
    __rt_lib_init_stdio_1                    0x0800018d   Thumb Code     0  libinit2.o(.ARM.Collect$$libinit$$00000025)
    __rt_lib_shutdown                        0x0800018f   Thumb Code     0  libshutdown.o(.ARM.Collect$$libshutdown$$00000000)
    __rt_lib_shutdown_cpp_1                  0x08000191   Thumb Code     0  libshutdown2.o(.ARM.Collect$$libshutdown$$00000004)
    __rt_lib_shutdown_fini_1                 0x08000191   Thumb Code     0  libshutdown2.o(.ARM.Collect$$libshutdown$$00000002)
    __rt_lib_shutdown_fp_trap_1              0x08000191   Thumb Code     0  libshutdown2.o(.ARM.Collect$$libshutdown$$00000009)
    __rt_lib_shutdown_heap_1                 0x08000191   Thumb Code     0  libshutdown2.o(.ARM.Collect$$libshutdown$$00000011)
    __rt_lib_shutdown_return                 0x08000191   Thumb Code     0  libshutdown2.o(.ARM.Collect$$libshutdown$$00000012)
    __rt_lib_shutdown_signal_1               0x08000191   Thumb Code     0  libshutdown2.o(.ARM.Collect$$libshutdown$$0000000C)
    __rt_lib_shutdown_stdio_1                0x08000191   Thumb Code     0  libshutdown2.o(.ARM.Collect$$libshutdown$$00000006)
    __rt_lib_shutdown_user_alloc_1           0x08000191   Thumb Code     0  libshutdown2.o(.ARM.Collect$$libshutdown$$0000000E)
    __rt_entry                               0x08000193   Thumb Code     0  __rtentry.o(.ARM.Collect$$rtentry$$00000000)
    __rt_entry_presh_1                       0x08000193   Thumb Code     0  __rtentry2.o(.ARM.Collect$$rtentry$$00000002)
    __rt_entry_sh                            0x08000193   Thumb Code     0  __rtentry4.o(.ARM.Collect$$rtentry$$00000004)
    __rt_entry_li                            0x08000199   Thumb Code     0  __rtentry2.o(.ARM.Collect$$rtentry$$0000000A)
    __rt_entry_postsh_1                      0x08000199   Thumb Code     0  __rtentry2.o(.ARM.Collect$$rtentry$$00000009)
    __rt_entry_main                          0x0800019d   Thumb Code     0  __rtentry2.o(.ARM.Collect$$rtentry$$0000000D)
    __rt_entry_postli_1                      0x0800019d   Thumb Code     0  __rtentry2.o(.ARM.Collect$$rtentry$$0000000C)
    __rt_exit                                0x080001a5   Thumb Code     0  rtexit.o(.ARM.Collect$$rtexit$$00000000)
    __rt_exit_ls                             0x080001a7   Thumb Code     0  rtexit2.o(.ARM.Collect$$rtexit$$00000003)
    __rt_exit_prels_1                        0x080001a7   Thumb Code     0  rtexit2.o(.ARM.Collect$$rtexit$$00000002)
    __rt_exit_exit                           0x080001ab   Thumb Code     0  rtexit2.o(.ARM.Collect$$rtexit$$00000004)
    rand                                     0x080001b1   Thumb Code    48  rand.o(.emb_text)
    Reset_Handler                            0x080001e5   Thumb Code     8  startup_stm32f10x_md.o(.text)
    ADC1_2_IRQHandler                        0x080001ff   Thumb Code     0  startup_stm32f10x_md.o(.text)
    CAN1_RX1_IRQHandler                      0x080001ff   Thumb Code     0  startup_stm32f10x_md.o(.text)
    CAN1_SCE_IRQHandler                      0x080001ff   Thumb Code     0  startup_stm32f10x_md.o(.text)
    DMA1_Channel1_IRQHandler                 0x080001ff   Thumb Code     0  startup_stm32f10x_md.o(.text)
    DMA1_Channel2_IRQHandler                 0x080001ff   Thumb Code     0  startup_stm32f10x_md.o(.text)
    DMA1_Channel3_IRQHandler                 0x080001ff   Thumb Code     0  startup_stm32f10x_md.o(.text)
    DMA1_Channel4_IRQHandler                 0x080001ff   Thumb Code     0  startup_stm32f10x_md.o(.text)
    DMA1_Channel5_IRQHandler                 0x080001ff   Thumb Code     0  startup_stm32f10x_md.o(.text)
    DMA1_Channel6_IRQHandler                 0x080001ff   Thumb Code     0  startup_stm32f10x_md.o(.text)
    DMA1_Channel7_IRQHandler                 0x080001ff   Thumb Code     0  startup_stm32f10x_md.o(.text)
    EXTI0_IRQHandler                         0x080001ff   Thumb Code     0  startup_stm32f10x_md.o(.text)
    EXTI15_10_IRQHandler                     0x080001ff   Thumb Code     0  startup_stm32f10x_md.o(.text)
    EXTI1_IRQHandler                         0x080001ff   Thumb Code     0  startup_stm32f10x_md.o(.text)
    EXTI2_IRQHandler                         0x080001ff   Thumb Code     0  startup_stm32f10x_md.o(.text)
    EXTI3_IRQHandler                         0x080001ff   Thumb Code     0  startup_stm32f10x_md.o(.text)
    EXTI4_IRQHandler                         0x080001ff   Thumb Code     0  startup_stm32f10x_md.o(.text)
    EXTI9_5_IRQHandler                       0x080001ff   Thumb Code     0  startup_stm32f10x_md.o(.text)
    FLASH_IRQHandler                         0x080001ff   Thumb Code     0  startup_stm32f10x_md.o(.text)
    I2C1_ER_IRQHandler                       0x080001ff   Thumb Code     0  startup_stm32f10x_md.o(.text)
    I2C1_EV_IRQHandler                       0x080001ff   Thumb Code     0  startup_stm32f10x_md.o(.text)
    I2C2_ER_IRQHandler                       0x080001ff   Thumb Code     0  startup_stm32f10x_md.o(.text)
    I2C2_EV_IRQHandler                       0x080001ff   Thumb Code     0  startup_stm32f10x_md.o(.text)
    PVD_IRQHandler                           0x080001ff   Thumb Code     0  startup_stm32f10x_md.o(.text)
    RCC_IRQHandler                           0x080001ff   Thumb Code     0  startup_stm32f10x_md.o(.text)
    RTCAlarm_IRQHandler                      0x080001ff   Thumb Code     0  startup_stm32f10x_md.o(.text)
    RTC_IRQHandler                           0x080001ff   Thumb Code     0  startup_stm32f10x_md.o(.text)
    SPI1_IRQHandler                          0x080001ff   Thumb Code     0  startup_stm32f10x_md.o(.text)
    SPI2_IRQHandler                          0x080001ff   Thumb Code     0  startup_stm32f10x_md.o(.text)
    TAMPER_IRQHandler                        0x080001ff   Thumb Code     0  startup_stm32f10x_md.o(.text)
    TIM1_BRK_IRQHandler                      0x080001ff   Thumb Code     0  startup_stm32f10x_md.o(.text)
    TIM1_CC_IRQHandler                       0x080001ff   Thumb Code     0  startup_stm32f10x_md.o(.text)
    TIM1_TRG_COM_IRQHandler                  0x080001ff   Thumb Code     0  startup_stm32f10x_md.o(.text)
    TIM1_UP_IRQHandler                       0x080001ff   Thumb Code     0  startup_stm32f10x_md.o(.text)
    TIM2_IRQHandler                          0x080001ff   Thumb Code     0  startup_stm32f10x_md.o(.text)
    TIM4_IRQHandler                          0x080001ff   Thumb Code     0  startup_stm32f10x_md.o(.text)
    USART1_IRQHandler                        0x080001ff   Thumb Code     0  startup_stm32f10x_md.o(.text)
    USART2_IRQHandler                        0x080001ff   Thumb Code     0  startup_stm32f10x_md.o(.text)
    USART3_IRQHandler                        0x080001ff   Thumb Code     0  startup_stm32f10x_md.o(.text)
    USBWakeUp_IRQHandler                     0x080001ff   Thumb Code     0  startup_stm32f10x_md.o(.text)
    USB_HP_CAN1_TX_IRQHandler                0x080001ff   Thumb Code     0  startup_stm32f10x_md.o(.text)
    USB_LP_CAN1_RX0_IRQHandler               0x080001ff   Thumb Code     0  startup_stm32f10x_md.o(.text)
    WWDG_IRQHandler                          0x080001ff   Thumb Code     0  startup_stm32f10x_md.o(.text)
    __user_initial_stackheap                 0x08000201   Thumb Code     0  startup_stm32f10x_md.o(.text)
    __2sprintf                               0x08000225   Thumb Code    34  noretval__2sprintf.o(.text)
    _printf_int_dec                          0x0800024d   Thumb Code   104  _printf_dec.o(.text)
    _printf_int_hex                          0x080002c5   Thumb Code    84  _printf_hex_int.o(.text)
    _printf_longlong_hex                     0x080002c5   Thumb Code     0  _printf_hex_int.o(.text)
    __printf                                 0x0800031d   Thumb Code   308  __printf_flags_wp.o(.text)
    srand                                    0x08000455   Thumb Code    42  rand.o(.text)
    _rand_init                               0x0800047f   Thumb Code     4  rand.o(.text)
    __use_two_region_memory                  0x08000491   Thumb Code     2  heapauxi.o(.text)
    __rt_heap_escrow$2region                 0x08000493   Thumb Code     2  heapauxi.o(.text)
    __rt_heap_expand$2region                 0x08000495   Thumb Code     2  heapauxi.o(.text)
    __read_errno                             0x08000497   Thumb Code    10  _rserrno.o(.text)
    __set_errno                              0x080004a1   Thumb Code    12  _rserrno.o(.text)
    _printf_int_common                       0x080004ad   Thumb Code   178  _printf_intcommon.o(.text)
    __lib_sel_fp_printf                      0x0800055f   Thumb Code     2  _printf_fp_dec.o(.text)
    _printf_fp_dec_real                      0x08000711   Thumb Code   620  _printf_fp_dec.o(.text)
    _printf_char_common                      0x08000987   Thumb Code    32  _printf_char_common.o(.text)
    _sputc                                   0x080009ad   Thumb Code    10  _sputc.o(.text)
    __rt_locale                              0x080009b9   Thumb Code     8  rt_locale_intlibspace.o(.text)
    __aeabi_errno_addr                       0x080009c1   Thumb Code     8  rt_errno_addr_intlibspace.o(.text)
    __errno$intlibspace                      0x080009c1   Thumb Code     0  rt_errno_addr_intlibspace.o(.text)
    __rt_errno_addr$intlibspace              0x080009c1   Thumb Code     0  rt_errno_addr_intlibspace.o(.text)
    _ll_udiv10                               0x080009c9   Thumb Code   138  lludiv10.o(.text)
    _printf_fp_infnan                        0x08000a55   Thumb Code   112  _printf_fp_infnan.o(.text)
    _btod_etento                             0x08000ad5   Thumb Code   224  bigflt0.o(.text)
    __user_libspace                          0x08000bb9   Thumb Code     8  libspace.o(.text)
    __user_perproc_libspace                  0x08000bb9   Thumb Code     0  libspace.o(.text)
    __user_perthread_libspace                0x08000bb9   Thumb Code     0  libspace.o(.text)
    __user_setup_stackheap                   0x08000bc1   Thumb Code    74  sys_stackheap_outer.o(.text)
    exit                                     0x08000c0b   Thumb Code    18  exit.o(.text)
    strcmp                                   0x08000c1d   Thumb Code   128  strcmpv7m.o(.text)
    __I$use$semihosting                      0x08000c9d   Thumb Code     0  use_no_semi.o(.text)
    __use_no_semihosting_swi                 0x08000c9d   Thumb Code     2  use_no_semi.o(.text)
    __semihosting_library_function           0x08000c9f   Thumb Code     0  indicate_semi.o(.text)
    _sys_exit                                0x08000ca1   Thumb Code     8  sys_exit.o(.text)
    _btod_d2e                                0x08000cad   Thumb Code    62  btod.o(CL$$btod_d2e)
    _d2e_denorm_low                          0x08000ceb   Thumb Code    70  btod.o(CL$$btod_d2e_denorm_low)
    _d2e_norm_op1                            0x08000d31   Thumb Code    96  btod.o(CL$$btod_d2e_norm_op1)
    __btod_div_common                        0x08000d91   Thumb Code   696  btod.o(CL$$btod_div_common)
    _e2e                                     0x080010c9   Thumb Code   220  btod.o(CL$$btod_e2e)
    _btod_ediv                               0x080011a5   Thumb Code    42  btod.o(CL$$btod_ediv)
    _btod_emul                               0x080011cf   Thumb Code    42  btod.o(CL$$btod_emul)
    __btod_mult_common                       0x080011f9   Thumb Code   580  btod.o(CL$$btod_mult_common)
    BusFault_Handler                         0x0800143d   Thumb Code     4  stm32f10x_it.o(i.BusFault_Handler)
    DebugMon_Handler                         0x08001441   Thumb Code     2  stm32f10x_it.o(i.DebugMon_Handler)
    Delay_ms                                 0x08001443   Thumb Code    24  sys_tick.o(i.Delay_ms)
    Delay_s                                  0x0800145b   Thumb Code    24  sys_tick.o(i.Delay_s)
    Delay_us                                 0x08001473   Thumb Code    92  sys_tick.o(i.Delay_us)
    Food_check                               0x080014d1   Thumb Code   310  snak_game.o(i.Food_check)
    GPIO_Init                                0x0800162d   Thumb Code   278  stm32f10x_gpio.o(i.GPIO_Init)
    GPIO_ReadInputDataBit                    0x08001743   Thumb Code    18  stm32f10x_gpio.o(i.GPIO_ReadInputDataBit)
    GPIO_SetBits                             0x08001755   Thumb Code     4  stm32f10x_gpio.o(i.GPIO_SetBits)
    GPIO_WriteBit                            0x08001759   Thumb Code    10  stm32f10x_gpio.o(i.GPIO_WriteBit)
    HardFault_Handler                        0x08001763   Thumb Code     4  stm32f10x_it.o(i.HardFault_Handler)
    I2C_R_SDA                                0x08001769   Thumb Code    32  mpu6050_i2c.o(i.I2C_R_SDA)
    I2C_W_SCL                                0x0800178d   Thumb Code    32  mpu6050_i2c.o(i.I2C_W_SCL)
    I2C_W_SDA                                0x080017b1   Thumb Code    32  mpu6050_i2c.o(i.I2C_W_SDA)
    I2C_delay                                0x080017d5   Thumb Code    16  oled_i2c.o(i.I2C_delay)
    Init_MPU6050_I2C                         0x080017e5   Thumb Code    48  mpu6050_i2c.o(i.Init_MPU6050_I2C)
    Init_OLED_I2C                            0x08001819   Thumb Code    76  oled_i2c.o(i.Init_OLED_I2C)
    MPU6050_GetData                          0x08001869   Thumb Code   646  mpu6050.o(i.MPU6050_GetData)
    MPU6050_Init                             0x08001b19   Thumb Code    54  mpu6050.o(i.MPU6050_Init)
    MPU6050_ReadData                         0x08001b4f   Thumb Code    62  mpu6050_i2c.o(i.MPU6050_ReadData)
    MPU6050_WriteCommand                     0x08001b8d   Thumb Code    46  mpu6050_i2c.o(i.MPU6050_WriteCommand)
    MainLoop                                 0x08001bbd   Thumb Code   242  snak_game.o(i.MainLoop)
    MemManage_Handler                        0x08001d21   Thumb Code     4  stm32f10x_it.o(i.MemManage_Handler)
    NMI_Handler                              0x08001d25   Thumb Code     2  stm32f10x_it.o(i.NMI_Handler)
    NVIC_Init                                0x08001d29   Thumb Code   100  misc.o(i.NVIC_Init)
    OLED_Clear                               0x08001d99   Thumb Code    42  oled12864.o(i.OLED_Clear)
    OLED_ColorTurn                           0x08001dc3   Thumb Code    30  oled12864.o(i.OLED_ColorTurn)
    OLED_Init                                0x08001de1   Thumb Code   144  oled12864.o(i.OLED_Init)
    OLED_Scroll_horizontally                 0x08001e71   Thumb Code    70  oled12864.o(i.OLED_Scroll_horizontally)
    OLED_Scroll_horizontally_OFF             0x08001eb7   Thumb Code    10  oled12864.o(i.OLED_Scroll_horizontally_OFF)
    OLED_SetCursor                           0x08001ec1   Thumb Code    34  oled12864.o(i.OLED_SetCursor)
    OLED_WriteCommand                        0x08001ee3   Thumb Code    44  oled_i2c.o(i.OLED_WriteCommand)
    OLED_WriteData                           0x08001f0f   Thumb Code    44  oled_i2c.o(i.OLED_WriteData)
    OLED_showChar                            0x08001f3d   Thumb Code   128  oled12864.o(i.OLED_showChar)
    OLED_showImage                           0x08001fc5   Thumb Code    76  oled12864.o(i.OLED_showImage)
    OLED_showString                          0x08002011   Thumb Code    58  oled12864.o(i.OLED_showString)
    OLED_show_Number                         0x0800204d   Thumb Code   154  oled12864.o(i.OLED_show_Number)
    PendSV_Handler                           0x080020f9   Thumb Code     2  stm32f10x_it.o(i.PendSV_Handler)
    RCC_APB1PeriphClockCmd                   0x080020fd   Thumb Code    26  stm32f10x_rcc.o(i.RCC_APB1PeriphClockCmd)
    RCC_APB1PeriphResetCmd                   0x0800211d   Thumb Code    26  stm32f10x_rcc.o(i.RCC_APB1PeriphResetCmd)
    RCC_APB2PeriphClockCmd                   0x0800213d   Thumb Code    26  stm32f10x_rcc.o(i.RCC_APB2PeriphClockCmd)
    SVC_Handler                              0x0800215d   Thumb Code     2  stm32f10x_it.o(i.SVC_Handler)
    SysTick_Handler                          0x08002249   Thumb Code     2  stm32f10x_it.o(i.SysTick_Handler)
    SystemInit                               0x0800224d   Thumb Code    78  system_stm32f10x.o(i.SystemInit)
    TIM3_IRQHandler                          0x080022ad   Thumb Code    34  timer.o(i.TIM3_IRQHandler)
    TIM_ARRPreloadConfig                     0x080022d9   Thumb Code    24  stm32f10x_tim.o(i.TIM_ARRPreloadConfig)
    TIM_ClearFlag                            0x080022f1   Thumb Code     6  stm32f10x_tim.o(i.TIM_ClearFlag)
    TIM_Cmd                                  0x080022f7   Thumb Code    24  stm32f10x_tim.o(i.TIM_Cmd)
    TIM_GenerateEvent                        0x0800230f   Thumb Code     4  stm32f10x_tim.o(i.TIM_GenerateEvent)
    TIM_GetFlagStatus                        0x08002313   Thumb Code    18  stm32f10x_tim.o(i.TIM_GetFlagStatus)
    TIM_ITConfig                             0x08002325   Thumb Code    18  stm32f10x_tim.o(i.TIM_ITConfig)
    TIM_TimeBaseInit                         0x08002339   Thumb Code   122  stm32f10x_tim.o(i.TIM_TimeBaseInit)
    UsageFault_Handler                       0x080023dd   Thumb Code     4  stm32f10x_it.o(i.UsageFault_Handler)
    __ARM_fpclassify                         0x080023e1   Thumb Code    40  fpclassify.o(i.__ARM_fpclassify)
    __kernel_poly                            0x08002409   Thumb Code   170  poly.o(i.__kernel_poly)
    __mathlib_dbl_infnan                     0x080024b3   Thumb Code     6  dunder.o(i.__mathlib_dbl_infnan)
    __mathlib_dbl_infnan2                    0x080024b9   Thumb Code     4  dunder.o(i.__mathlib_dbl_infnan2)
    __mathlib_dbl_underflow                  0x080024bd   Thumb Code    10  dunder.o(i.__mathlib_dbl_underflow)
    _is_digit                                0x080024cd   Thumb Code    14  __printf_wp.o(i._is_digit)
    accept_response                          0x080024dd   Thumb Code    50  oled_i2c.o(i.accept_response)
    atan                                     0x08002515   Thumb Code   474  atan.o(i.atan)
    atan2                                    0x08002735   Thumb Code   374  atan2.o(i.atan2)
    dir_check                                0x080028d1   Thumb Code   190  snak_game.o(i.dir_check)
    gesture_check                            0x080029ad   Thumb Code    32  snak_game.o(i.gesture_check)
    get_ms                                   0x080029d9   Thumb Code     8  timer.o(i.get_ms)
    init_game                                0x080029e5   Thumb Code    72  snak_game.o(i.init_game)
    init_timer_3                             0x08002a31   Thumb Code   118  timer.o(i.init_timer_3)
    isDeath                                  0x08002aad   Thumb Code   124  snak_game.o(i.isDeath)
    isPositionOnSnake                        0x08002b41   Thumb Code    44  snak_game.o(i.isPositionOnSnake)
    main                                     0x08002b79   Thumb Code    16  main.o(i.main)
    menu_control                             0x08002b89   Thumb Code   436  snak_game.o(i.menu_control)
    move                                     0x08002d85   Thumb Code   192  snak_game.o(i.move)
    mpu6050_accept_byte                      0x08002e69   Thumb Code    52  mpu6050_i2c.o(i.mpu6050_accept_byte)
    mpu6050_accept_response                  0x08002e9d   Thumb Code    30  mpu6050_i2c.o(i.mpu6050_accept_response)
    mpu6050_send_byte                        0x08002ebb   Thumb Code    42  mpu6050_i2c.o(i.mpu6050_send_byte)
    mpu6050_send_response                    0x08002ee5   Thumb Code    24  mpu6050_i2c.o(i.mpu6050_send_response)
    mpu6050_start                            0x08002efd   Thumb Code    28  mpu6050_i2c.o(i.mpu6050_start)
    mpu6050_stop                             0x08002f19   Thumb Code    28  mpu6050_i2c.o(i.mpu6050_stop)
    print_OLED_SnakeBody                     0x08002f35   Thumb Code    44  snak_game.o(i.print_OLED_SnakeBody)
    print_game_menu                          0x08002f71   Thumb Code    52  snak_game.o(i.print_game_menu)
    send_byte                                0x08002fd1   Thumb Code    70  oled_i2c.o(i.send_byte)
    set_ms                                   0x0800301d   Thumb Code     6  timer.o(i.set_ms)
    start                                    0x08003029   Thumb Code    60  oled_i2c.o(i.start)
    stop                                     0x08003069   Thumb Code    40  oled_i2c.o(i.stop)
    _get_lc_numeric                          0x08003095   Thumb Code    44  lc_numeric_c.o(locale$$code)
    __aeabi_d2f                              0x080030c1   Thumb Code     0  d2f.o(x$fpl$d2f)
    _d2f                                     0x080030c1   Thumb Code    98  d2f.o(x$fpl$d2f)
    __aeabi_dadd                             0x08003125   Thumb Code     0  daddsub_clz.o(x$fpl$dadd)
    _dadd                                    0x08003125   Thumb Code   332  daddsub_clz.o(x$fpl$dadd)
    __fpl_dcheck_NaN1                        0x08003275   Thumb Code    10  dcheck1.o(x$fpl$dcheck1)
    __fpl_dcmp_Inf                           0x08003285   Thumb Code    24  dcmpi.o(x$fpl$dcmpinf)
    __aeabi_ddiv                             0x0800329d   Thumb Code     0  ddiv.o(x$fpl$ddiv)
    _ddiv                                    0x0800329d   Thumb Code   552  ddiv.o(x$fpl$ddiv)
    __aeabi_cdcmpeq                          0x0800354d   Thumb Code     0  deqf.o(x$fpl$deqf)
    _dcmpeq                                  0x0800354d   Thumb Code   120  deqf.o(x$fpl$deqf)
    __aeabi_dmul                             0x080035c5   Thumb Code     0  dmul.o(x$fpl$dmul)
    _dmul                                    0x080035c5   Thumb Code   332  dmul.o(x$fpl$dmul)
    __fpl_dnaninf                            0x08003719   Thumb Code   156  dnaninf.o(x$fpl$dnaninf)
    __fpl_dretinf                            0x080037b5   Thumb Code    12  dretinf.o(x$fpl$dretinf)
    __aeabi_drsub                            0x080037c1   Thumb Code     0  daddsub_clz.o(x$fpl$drsb)
    _drsb                                    0x080037c1   Thumb Code    22  daddsub_clz.o(x$fpl$drsb)
    __aeabi_dsub                             0x080037d9   Thumb Code     0  daddsub_clz.o(x$fpl$dsub)
    _dsub                                    0x080037d9   Thumb Code   464  daddsub_clz.o(x$fpl$dsub)
    __aeabi_f2d                              0x080039ad   Thumb Code     0  f2d.o(x$fpl$f2d)
    _f2d                                     0x080039ad   Thumb Code    86  f2d.o(x$fpl$f2d)
    __aeabi_fadd                             0x08003a05   Thumb Code     0  faddsub_clz.o(x$fpl$fadd)
    _fadd                                    0x08003a05   Thumb Code   196  faddsub_clz.o(x$fpl$fadd)
    __fpl_fcmp_Inf                           0x08003ac9   Thumb Code    24  fcmpi.o(x$fpl$fcmpinf)
    __aeabi_fdiv                             0x08003ae1   Thumb Code     0  fdiv.o(x$fpl$fdiv)
    _fdiv                                    0x08003ae1   Thumb Code   384  fdiv.o(x$fpl$fdiv)
    __aeabi_f2iz                             0x08003c65   Thumb Code     0  ffix.o(x$fpl$ffix)
    _ffix                                    0x08003c65   Thumb Code    54  ffix.o(x$fpl$ffix)
    __aeabi_i2f                              0x08003c9d   Thumb Code     0  fflt_clz.o(x$fpl$fflt)
    _fflt                                    0x08003c9d   Thumb Code    48  fflt_clz.o(x$fpl$fflt)
    __aeabi_ui2f                             0x08003ccd   Thumb Code     0  fflt_clz.o(x$fpl$ffltu)
    _ffltu                                   0x08003ccd   Thumb Code    38  fflt_clz.o(x$fpl$ffltu)
    __aeabi_cfcmple                          0x08003cf5   Thumb Code     0  fleqf.o(x$fpl$fleqf)
    _fcmple                                  0x08003cf5   Thumb Code   104  fleqf.o(x$fpl$fleqf)
    __fpl_fcmple_InfNaN                      0x08003d47   Thumb Code     0  fleqf.o(x$fpl$fleqf)
    __aeabi_fmul                             0x08003d5d   Thumb Code     0  fmul.o(x$fpl$fmul)
    _fmul                                    0x08003d5d   Thumb Code   258  fmul.o(x$fpl$fmul)
    __fpl_fnaninf                            0x08003e5f   Thumb Code   140  fnaninf.o(x$fpl$fnaninf)
    __fpl_fretinf                            0x08003eeb   Thumb Code    10  fretinf.o(x$fpl$fretinf)
    __aeabi_cfrcmple                         0x08003ef5   Thumb Code     0  frleqf.o(x$fpl$frleqf)
    _frcmple                                 0x08003ef5   Thumb Code    98  frleqf.o(x$fpl$frleqf)
    __aeabi_fsub                             0x08003f59   Thumb Code     0  faddsub_clz.o(x$fpl$fsub)
    _fsub                                    0x08003f59   Thumb Code   234  faddsub_clz.o(x$fpl$fsub)
    _printf_fp_dec                           0x08004043   Thumb Code     4  printf1.o(x$fpl$printf1)
    __fpl_return_NaN                         0x08004047   Thumb Code   100  retnan.o(x$fpl$retnan)
    __ARM_scalbn                             0x080040ab   Thumb Code    92  scalbn.o(x$fpl$scalbn)
    __fpl_cmpreturn                          0x08004107   Thumb Code    48  trapv.o(x$fpl$trapveneer)
    F6x8                                     0x08004136   Data         552  oled12864.o(.constdata)
    __I$use$fp                               0x08004136   Number         0  usenofp.o(x$fpl$usenofp)
    F8X16                                    0x0800435e   Data        1520  oled12864.o(.constdata)
    food                                     0x0800494e   Data           8  snak_game.o(.constdata)
    blank                                    0x08004956   Data           8  snak_game.o(.constdata)
    body                                     0x0800495e   Data           8  snak_game.o(.constdata)
    image1_128X64                            0x08004966   Data        1024  snak_game.o(.constdata)
    image2_128X64                            0x08004d66   Data        1024  snak_game.o(.constdata)
    image3_128X64                            0x08005166   Data        1024  snak_game.o(.constdata)
    __mathlib_zero                           0x08005638   Data           8  qnan.o(.constdata)
    Region$$Table$$Base                      0x080056d4   Number         0  anon$$obj.o(Region$$Table)
    Region$$Table$$Limit                     0x080056f4   Number         0  anon$$obj.o(Region$$Table)
    food_x                                   0x20000000   Data           1  snak_game.o(.data)
    food_y                                   0x20000001   Data           1  snak_game.o(.data)
    snake_lenght                             0x20000002   Data           1  snak_game.o(.data)
    dir                                      0x20000003   Data           1  snak_game.o(.data)
    score                                    0x20000004   Data           1  snak_game.o(.data)
    isStart                                  0x20000005   Data           1  snak_game.o(.data)
    flag                                     0x20000006   Data           1  snak_game.o(.data)
    flag2                                    0x20000007   Data           1  snak_game.o(.data)
    data_array                               0x20000008   Data           4  snak_game.o(.data)
    roll                                     0x2000000c   Data           4  snak_game.o(.data)
    pitch                                    0x20000010   Data           4  snak_game.o(.data)
    ms                                       0x20000014   Data           1  timer.o(.data)
    snake_x                                  0x20000040   Data          30  snak_game.o(.bss)
    snake_y                                  0x2000005e   Data          30  snak_game.o(.bss)
    _random_number_data                      0x2000007c   Data         228  rand.o(.bss)
    __libspace_start                         0x20000160   Data          96  libspace.o(.bss)
    __temporary_stack_top$libspace           0x200001c0   Data           0  libspace.o(.bss)



==============================================================================

Memory Map of the image

  Image Entry point : 0x080000ed

  Load Region LR_IROM1 (Base: 0x08000000, Size: 0x00005728, Max: 0x00010000, ABSOLUTE)

    Execution Region ER_IROM1 (Exec base: 0x08000000, Load base: 0x08000000, Size: 0x00005710, Max: 0x00010000, ABSOLUTE)

    Exec Addr    Load Addr    Size         Type   Attr      Idx    E Section Name        Object

    0x08000000   0x08000000   0x000000ec   Data   RO           19    RESET               startup_stm32f10x_md.o
    0x080000ec   0x080000ec   0x00000008   Code   RO         3834  * !!!main             c_w.l(__main.o)
    0x080000f4   0x080000f4   0x00000034   Code   RO         4156    !!!scatter          c_w.l(__scatter.o)
    0x08000128   0x08000128   0x0000001a   Code   RO         4158    !!handler_copy      c_w.l(__scatter_copy.o)
    0x08000142   0x08000142   0x00000002   PAD
    0x08000144   0x08000144   0x0000001c   Code   RO         4160    !!handler_zi        c_w.l(__scatter_zi.o)
    0x08000160   0x08000160   0x00000000   Code   RO         3826    .ARM.Collect$$_printf_percent$$00000000  c_w.l(_printf_percent.o)
    0x08000160   0x08000160   0x00000006   Code   RO         3825    .ARM.Collect$$_printf_percent$$00000003  c_w.l(_printf_f.o)
    0x08000166   0x08000166   0x00000006   Code   RO         3824    .ARM.Collect$$_printf_percent$$00000009  c_w.l(_printf_d.o)
    0x0800016c   0x0800016c   0x00000006   Code   RO         3823    .ARM.Collect$$_printf_percent$$0000000C  c_w.l(_printf_x.o)
    0x08000172   0x08000172   0x00000004   Code   RO         3899    .ARM.Collect$$_printf_percent$$00000017  c_w.l(_printf_percent_end.o)
    0x08000176   0x08000176   0x00000002   Code   RO         4074    .ARM.Collect$$libinit$$00000000  c_w.l(libinit.o)
    0x08000178   0x08000178   0x00000000   Code   RO         3901    .ARM.Collect$$libinit$$00000002  c_w.l(libinit2.o)
    0x08000178   0x08000178   0x00000000   Code   RO         3903    .ARM.Collect$$libinit$$00000004  c_w.l(libinit2.o)
    0x08000178   0x08000178   0x00000000   Code   RO         3906    .ARM.Collect$$libinit$$0000000A  c_w.l(libinit2.o)
    0x08000178   0x08000178   0x00000000   Code   RO         3908    .ARM.Collect$$libinit$$0000000C  c_w.l(libinit2.o)
    0x08000178   0x08000178   0x00000004   Code   RO         3909    .ARM.Collect$$libinit$$0000000D  c_w.l(libinit2.o)
    0x0800017c   0x0800017c   0x00000000   Code   RO         3910    .ARM.Collect$$libinit$$0000000E  c_w.l(libinit2.o)
    0x0800017c   0x0800017c   0x00000006   Code   RO         3911    .ARM.Collect$$libinit$$0000000F  c_w.l(libinit2.o)
    0x08000182   0x08000182   0x00000000   Code   RO         3913    .ARM.Collect$$libinit$$00000011  c_w.l(libinit2.o)
    0x08000182   0x08000182   0x00000000   Code   RO         3915    .ARM.Collect$$libinit$$00000013  c_w.l(libinit2.o)
    0x08000182   0x08000182   0x00000000   Code   RO         3917    .ARM.Collect$$libinit$$00000015  c_w.l(libinit2.o)
    0x08000182   0x08000182   0x0000000a   Code   RO         3918    .ARM.Collect$$libinit$$00000016  c_w.l(libinit2.o)
    0x0800018c   0x0800018c   0x00000000   Code   RO         3919    .ARM.Collect$$libinit$$00000017  c_w.l(libinit2.o)
    0x0800018c   0x0800018c   0x00000000   Code   RO         3921    .ARM.Collect$$libinit$$00000019  c_w.l(libinit2.o)
    0x0800018c   0x0800018c   0x00000000   Code   RO         3923    .ARM.Collect$$libinit$$0000001B  c_w.l(libinit2.o)
    0x0800018c   0x0800018c   0x00000000   Code   RO         3925    .ARM.Collect$$libinit$$0000001D  c_w.l(libinit2.o)
    0x0800018c   0x0800018c   0x00000000   Code   RO         3927    .ARM.Collect$$libinit$$0000001F  c_w.l(libinit2.o)
    0x0800018c   0x0800018c   0x00000000   Code   RO         3929    .ARM.Collect$$libinit$$00000021  c_w.l(libinit2.o)
    0x0800018c   0x0800018c   0x00000000   Code   RO         3931    .ARM.Collect$$libinit$$00000023  c_w.l(libinit2.o)
    0x0800018c   0x0800018c   0x00000000   Code   RO         3933    .ARM.Collect$$libinit$$00000025  c_w.l(libinit2.o)
    0x0800018c   0x0800018c   0x00000000   Code   RO         3937    .ARM.Collect$$libinit$$0000002C  c_w.l(libinit2.o)
    0x0800018c   0x0800018c   0x00000000   Code   RO         3939    .ARM.Collect$$libinit$$0000002E  c_w.l(libinit2.o)
    0x0800018c   0x0800018c   0x00000000   Code   RO         3941    .ARM.Collect$$libinit$$00000030  c_w.l(libinit2.o)
    0x0800018c   0x0800018c   0x00000000   Code   RO         3943    .ARM.Collect$$libinit$$00000032  c_w.l(libinit2.o)
    0x0800018c   0x0800018c   0x00000002   Code   RO         3944    .ARM.Collect$$libinit$$00000033  c_w.l(libinit2.o)
    0x0800018e   0x0800018e   0x00000002   Code   RO         4115    .ARM.Collect$$libshutdown$$00000000  c_w.l(libshutdown.o)
    0x08000190   0x08000190   0x00000000   Code   RO         4121    .ARM.Collect$$libshutdown$$00000002  c_w.l(libshutdown2.o)
    0x08000190   0x08000190   0x00000000   Code   RO         4123    .ARM.Collect$$libshutdown$$00000004  c_w.l(libshutdown2.o)
    0x08000190   0x08000190   0x00000000   Code   RO         4125    .ARM.Collect$$libshutdown$$00000006  c_w.l(libshutdown2.o)
    0x08000190   0x08000190   0x00000000   Code   RO         4128    .ARM.Collect$$libshutdown$$00000009  c_w.l(libshutdown2.o)
    0x08000190   0x08000190   0x00000000   Code   RO         4131    .ARM.Collect$$libshutdown$$0000000C  c_w.l(libshutdown2.o)
    0x08000190   0x08000190   0x00000000   Code   RO         4133    .ARM.Collect$$libshutdown$$0000000E  c_w.l(libshutdown2.o)
    0x08000190   0x08000190   0x00000000   Code   RO         4136    .ARM.Collect$$libshutdown$$00000011  c_w.l(libshutdown2.o)
    0x08000190   0x08000190   0x00000002   Code   RO         4137    .ARM.Collect$$libshutdown$$00000012  c_w.l(libshutdown2.o)
    0x08000192   0x08000192   0x00000000   Code   RO         3888    .ARM.Collect$$rtentry$$00000000  c_w.l(__rtentry.o)
    0x08000192   0x08000192   0x00000000   Code   RO         3984    .ARM.Collect$$rtentry$$00000002  c_w.l(__rtentry2.o)
    0x08000192   0x08000192   0x00000006   Code   RO         3996    .ARM.Collect$$rtentry$$00000004  c_w.l(__rtentry4.o)
    0x08000198   0x08000198   0x00000000   Code   RO         3986    .ARM.Collect$$rtentry$$00000009  c_w.l(__rtentry2.o)
    0x08000198   0x08000198   0x00000004   Code   RO         3987    .ARM.Collect$$rtentry$$0000000A  c_w.l(__rtentry2.o)
    0x0800019c   0x0800019c   0x00000000   Code   RO         3989    .ARM.Collect$$rtentry$$0000000C  c_w.l(__rtentry2.o)
    0x0800019c   0x0800019c   0x00000008   Code   RO         3990    .ARM.Collect$$rtentry$$0000000D  c_w.l(__rtentry2.o)
    0x080001a4   0x080001a4   0x00000002   Code   RO         4079    .ARM.Collect$$rtexit$$00000000  c_w.l(rtexit.o)
    0x080001a6   0x080001a6   0x00000000   Code   RO         4093    .ARM.Collect$$rtexit$$00000002  c_w.l(rtexit2.o)
    0x080001a6   0x080001a6   0x00000004   Code   RO         4094    .ARM.Collect$$rtexit$$00000003  c_w.l(rtexit2.o)
    0x080001aa   0x080001aa   0x00000006   Code   RO         4095    .ARM.Collect$$rtexit$$00000004  c_w.l(rtexit2.o)
    0x080001b0   0x080001b0   0x00000034   Code   RO         3827    .emb_text           c_w.l(rand.o)
    0x080001e4   0x080001e4   0x00000040   Code   RO           20    .text               startup_stm32f10x_md.o
    0x08000224   0x08000224   0x00000028   Code   RO         3776    .text               c_w.l(noretval__2sprintf.o)
    0x0800024c   0x0800024c   0x00000078   Code   RO         3780    .text               c_w.l(_printf_dec.o)
    0x080002c4   0x080002c4   0x00000058   Code   RO         3785    .text               c_w.l(_printf_hex_int.o)
    0x0800031c   0x0800031c   0x00000138   Code   RO         3815    .text               c_w.l(__printf_flags_wp.o)
    0x08000454   0x08000454   0x0000003c   Code   RO         3828    .text               c_w.l(rand.o)
    0x08000490   0x08000490   0x00000006   Code   RO         3832    .text               c_w.l(heapauxi.o)
    0x08000496   0x08000496   0x00000016   Code   RO         3889    .text               c_w.l(_rserrno.o)
    0x080004ac   0x080004ac   0x000000b2   Code   RO         3891    .text               c_w.l(_printf_intcommon.o)
    0x0800055e   0x0800055e   0x0000041e   Code   RO         3893    .text               c_w.l(_printf_fp_dec.o)
    0x0800097c   0x0800097c   0x00000030   Code   RO         3895    .text               c_w.l(_printf_char_common.o)
    0x080009ac   0x080009ac   0x0000000a   Code   RO         3897    .text               c_w.l(_sputc.o)
    0x080009b6   0x080009b6   0x00000002   PAD
    0x080009b8   0x080009b8   0x00000008   Code   RO         4001    .text               c_w.l(rt_locale_intlibspace.o)
    0x080009c0   0x080009c0   0x00000008   Code   RO         4006    .text               c_w.l(rt_errno_addr_intlibspace.o)
    0x080009c8   0x080009c8   0x0000008a   Code   RO         4008    .text               c_w.l(lludiv10.o)
    0x08000a52   0x08000a52   0x00000002   PAD
    0x08000a54   0x08000a54   0x00000080   Code   RO         4010    .text               c_w.l(_printf_fp_infnan.o)
    0x08000ad4   0x08000ad4   0x000000e4   Code   RO         4014    .text               c_w.l(bigflt0.o)
    0x08000bb8   0x08000bb8   0x00000008   Code   RO         4056    .text               c_w.l(libspace.o)
    0x08000bc0   0x08000bc0   0x0000004a   Code   RO         4059    .text               c_w.l(sys_stackheap_outer.o)
    0x08000c0a   0x08000c0a   0x00000012   Code   RO         4061    .text               c_w.l(exit.o)
    0x08000c1c   0x08000c1c   0x00000080   Code   RO         4063    .text               c_w.l(strcmpv7m.o)
    0x08000c9c   0x08000c9c   0x00000002   Code   RO         4089    .text               c_w.l(use_no_semi.o)
    0x08000c9e   0x08000c9e   0x00000000   Code   RO         4091    .text               c_w.l(indicate_semi.o)
    0x08000c9e   0x08000c9e   0x00000002   PAD
    0x08000ca0   0x08000ca0   0x0000000c   Code   RO         4107    .text               c_w.l(sys_exit.o)
    0x08000cac   0x08000cac   0x0000003e   Code   RO         4017    CL$$btod_d2e        c_w.l(btod.o)
    0x08000cea   0x08000cea   0x00000046   Code   RO         4019    CL$$btod_d2e_denorm_low  c_w.l(btod.o)
    0x08000d30   0x08000d30   0x00000060   Code   RO         4018    CL$$btod_d2e_norm_op1  c_w.l(btod.o)
    0x08000d90   0x08000d90   0x00000338   Code   RO         4027    CL$$btod_div_common  c_w.l(btod.o)
    0x080010c8   0x080010c8   0x000000dc   Code   RO         4024    CL$$btod_e2e        c_w.l(btod.o)
    0x080011a4   0x080011a4   0x0000002a   Code   RO         4021    CL$$btod_ediv       c_w.l(btod.o)
    0x080011ce   0x080011ce   0x0000002a   Code   RO         4020    CL$$btod_emul       c_w.l(btod.o)
    0x080011f8   0x080011f8   0x00000244   Code   RO         4026    CL$$btod_mult_common  c_w.l(btod.o)
    0x0800143c   0x0800143c   0x00000004   Code   RO          137    i.BusFault_Handler  stm32f10x_it.o
    0x08001440   0x08001440   0x00000002   Code   RO          138    i.DebugMon_Handler  stm32f10x_it.o
    0x08001442   0x08001442   0x00000018   Code   RO         3712    i.Delay_ms          sys_tick.o
    0x0800145a   0x0800145a   0x00000018   Code   RO         3713    i.Delay_s           sys_tick.o
    0x08001472   0x08001472   0x0000005c   Code   RO         3714    i.Delay_us          sys_tick.o
    0x080014ce   0x080014ce   0x00000002   PAD
    0x080014d0   0x080014d0   0x0000015c   Code   RO          584    i.Food_check        snak_game.o
    0x0800162c   0x0800162c   0x00000116   Code   RO         1863    i.GPIO_Init         stm32f10x_gpio.o
    0x08001742   0x08001742   0x00000012   Code   RO         1867    i.GPIO_ReadInputDataBit  stm32f10x_gpio.o
    0x08001754   0x08001754   0x00000004   Code   RO         1871    i.GPIO_SetBits      stm32f10x_gpio.o
    0x08001758   0x08001758   0x0000000a   Code   RO         1874    i.GPIO_WriteBit     stm32f10x_gpio.o
    0x08001762   0x08001762   0x00000004   Code   RO          139    i.HardFault_Handler  stm32f10x_it.o
    0x08001766   0x08001766   0x00000002   PAD
    0x08001768   0x08001768   0x00000024   Code   RO          390    i.I2C_R_SDA         mpu6050_i2c.o
    0x0800178c   0x0800178c   0x00000024   Code   RO          391    i.I2C_W_SCL         mpu6050_i2c.o
    0x080017b0   0x080017b0   0x00000024   Code   RO          392    i.I2C_W_SDA         mpu6050_i2c.o
    0x080017d4   0x080017d4   0x00000010   Code   RO          219    i.I2C_delay         oled_i2c.o
    0x080017e4   0x080017e4   0x00000034   Code   RO          393    i.Init_MPU6050_I2C  mpu6050_i2c.o
    0x08001818   0x08001818   0x00000050   Code   RO          220    i.Init_OLED_I2C     oled_i2c.o
    0x08001868   0x08001868   0x000002b0   Code   RO          551    i.MPU6050_GetData   mpu6050.o
    0x08001b18   0x08001b18   0x00000036   Code   RO          552    i.MPU6050_Init      mpu6050.o
    0x08001b4e   0x08001b4e   0x0000003e   Code   RO          394    i.MPU6050_ReadData  mpu6050_i2c.o
    0x08001b8c   0x08001b8c   0x0000002e   Code   RO          395    i.MPU6050_WriteCommand  mpu6050_i2c.o
    0x08001bba   0x08001bba   0x00000002   PAD
    0x08001bbc   0x08001bbc   0x00000164   Code   RO          585    i.MainLoop          snak_game.o
    0x08001d20   0x08001d20   0x00000004   Code   RO          140    i.MemManage_Handler  stm32f10x_it.o
    0x08001d24   0x08001d24   0x00000002   Code   RO          141    i.NMI_Handler       stm32f10x_it.o
    0x08001d26   0x08001d26   0x00000002   PAD
    0x08001d28   0x08001d28   0x00000070   Code   RO          676    i.NVIC_Init         misc.o
    0x08001d98   0x08001d98   0x0000002a   Code   RO          299    i.OLED_Clear        oled12864.o
    0x08001dc2   0x08001dc2   0x0000001e   Code   RO          300    i.OLED_ColorTurn    oled12864.o
    0x08001de0   0x08001de0   0x00000090   Code   RO          303    i.OLED_Init         oled12864.o
    0x08001e70   0x08001e70   0x00000046   Code   RO          304    i.OLED_Scroll_horizontally  oled12864.o
    0x08001eb6   0x08001eb6   0x0000000a   Code   RO          305    i.OLED_Scroll_horizontally_OFF  oled12864.o
    0x08001ec0   0x08001ec0   0x00000022   Code   RO          306    i.OLED_SetCursor    oled12864.o
    0x08001ee2   0x08001ee2   0x0000002c   Code   RO          221    i.OLED_WriteCommand  oled_i2c.o
    0x08001f0e   0x08001f0e   0x0000002c   Code   RO          222    i.OLED_WriteData    oled_i2c.o
    0x08001f3a   0x08001f3a   0x00000002   PAD
    0x08001f3c   0x08001f3c   0x00000088   Code   RO          307    i.OLED_showChar     oled12864.o
    0x08001fc4   0x08001fc4   0x0000004c   Code   RO          308    i.OLED_showImage    oled12864.o
    0x08002010   0x08002010   0x0000003a   Code   RO          309    i.OLED_showString   oled12864.o
    0x0800204a   0x0800204a   0x00000002   PAD
    0x0800204c   0x0800204c   0x000000ac   Code   RO          310    i.OLED_show_Number  oled12864.o
    0x080020f8   0x080020f8   0x00000002   Code   RO          142    i.PendSV_Handler    stm32f10x_it.o
    0x080020fa   0x080020fa   0x00000002   PAD
    0x080020fc   0x080020fc   0x00000020   Code   RO         2291    i.RCC_APB1PeriphClockCmd  stm32f10x_rcc.o
    0x0800211c   0x0800211c   0x00000020   Code   RO         2292    i.RCC_APB1PeriphResetCmd  stm32f10x_rcc.o
    0x0800213c   0x0800213c   0x00000020   Code   RO         2293    i.RCC_APB2PeriphClockCmd  stm32f10x_rcc.o
    0x0800215c   0x0800215c   0x00000002   Code   RO          143    i.SVC_Handler       stm32f10x_it.o
    0x0800215e   0x0800215e   0x00000008   Code   RO           24    i.SetSysClock       system_stm32f10x.o
    0x08002166   0x08002166   0x00000002   PAD
    0x08002168   0x08002168   0x000000e0   Code   RO           25    i.SetSysClockTo72   system_stm32f10x.o
    0x08002248   0x08002248   0x00000002   Code   RO          144    i.SysTick_Handler   stm32f10x_it.o
    0x0800224a   0x0800224a   0x00000002   PAD
    0x0800224c   0x0800224c   0x00000060   Code   RO           27    i.SystemInit        system_stm32f10x.o
    0x080022ac   0x080022ac   0x0000002c   Code   RO         3739    i.TIM3_IRQHandler   timer.o
    0x080022d8   0x080022d8   0x00000018   Code   RO         2925    i.TIM_ARRPreloadConfig  stm32f10x_tim.o
    0x080022f0   0x080022f0   0x00000006   Code   RO         2931    i.TIM_ClearFlag     stm32f10x_tim.o
    0x080022f6   0x080022f6   0x00000018   Code   RO         2937    i.TIM_Cmd           stm32f10x_tim.o
    0x0800230e   0x0800230e   0x00000004   Code   RO         2951    i.TIM_GenerateEvent  stm32f10x_tim.o
    0x08002312   0x08002312   0x00000012   Code   RO         2957    i.TIM_GetFlagStatus  stm32f10x_tim.o
    0x08002324   0x08002324   0x00000012   Code   RO         2962    i.TIM_ITConfig      stm32f10x_tim.o
    0x08002336   0x08002336   0x00000002   PAD
    0x08002338   0x08002338   0x000000a4   Code   RO         3008    i.TIM_TimeBaseInit  stm32f10x_tim.o
    0x080023dc   0x080023dc   0x00000004   Code   RO          145    i.UsageFault_Handler  stm32f10x_it.o
    0x080023e0   0x080023e0   0x00000028   Code   RO         4052    i.__ARM_fpclassify  m_ws.l(fpclassify.o)
    0x08002408   0x08002408   0x000000aa   Code   RO         4054    i.__kernel_poly     m_ws.l(poly.o)
    0x080024b2   0x080024b2   0x00000006   Code   RO         3969    i.__mathlib_dbl_infnan  m_ws.l(dunder.o)
    0x080024b8   0x080024b8   0x00000004   Code   RO         3970    i.__mathlib_dbl_infnan2  m_ws.l(dunder.o)
    0x080024bc   0x080024bc   0x00000010   Code   RO         3974    i.__mathlib_dbl_underflow  m_ws.l(dunder.o)
    0x080024cc   0x080024cc   0x0000000e   Code   RO         3813    i._is_digit         c_w.l(__printf_wp.o)
    0x080024da   0x080024da   0x00000002   PAD
    0x080024dc   0x080024dc   0x00000038   Code   RO          223    i.accept_response   oled_i2c.o
    0x08002514   0x08002514   0x00000220   Code   RO         3959    i.atan              m_ws.l(atan.o)
    0x08002734   0x08002734   0x0000019c   Code   RO         3881    i.atan2             m_ws.l(atan2.o)
    0x080028d0   0x080028d0   0x000000dc   Code   RO          586    i.dir_check         snak_game.o
    0x080029ac   0x080029ac   0x0000002c   Code   RO          587    i.gesture_check     snak_game.o
    0x080029d8   0x080029d8   0x0000000c   Code   RO         3740    i.get_ms            timer.o
    0x080029e4   0x080029e4   0x0000004c   Code   RO          588    i.init_game         snak_game.o
    0x08002a30   0x08002a30   0x0000007c   Code   RO         3741    i.init_timer_3      timer.o
    0x08002aac   0x08002aac   0x00000094   Code   RO          589    i.isDeath           snak_game.o
    0x08002b40   0x08002b40   0x00000038   Code   RO          590    i.isPositionOnSnake  snak_game.o
    0x08002b78   0x08002b78   0x00000010   Code   RO          204    i.main              main.o
    0x08002b88   0x08002b88   0x000001fc   Code   RO          591    i.menu_control      snak_game.o
    0x08002d84   0x08002d84   0x000000e4   Code   RO          592    i.move              snak_game.o
    0x08002e68   0x08002e68   0x00000034   Code   RO          396    i.mpu6050_accept_byte  mpu6050_i2c.o
    0x08002e9c   0x08002e9c   0x0000001e   Code   RO          397    i.mpu6050_accept_response  mpu6050_i2c.o
    0x08002eba   0x08002eba   0x0000002a   Code   RO          398    i.mpu6050_send_byte  mpu6050_i2c.o
    0x08002ee4   0x08002ee4   0x00000018   Code   RO          399    i.mpu6050_send_response  mpu6050_i2c.o
    0x08002efc   0x08002efc   0x0000001c   Code   RO          400    i.mpu6050_start     mpu6050_i2c.o
    0x08002f18   0x08002f18   0x0000001c   Code   RO          401    i.mpu6050_stop      mpu6050_i2c.o
    0x08002f34   0x08002f34   0x0000003c   Code   RO          593    i.print_OLED_SnakeBody  snak_game.o
    0x08002f70   0x08002f70   0x00000060   Code   RO          594    i.print_game_menu   snak_game.o
    0x08002fd0   0x08002fd0   0x0000004c   Code   RO          224    i.send_byte         oled_i2c.o
    0x0800301c   0x0800301c   0x0000000c   Code   RO         3742    i.set_ms            timer.o
    0x08003028   0x08003028   0x00000040   Code   RO          225    i.start             oled_i2c.o
    0x08003068   0x08003068   0x0000002c   Code   RO          226    i.stop              oled_i2c.o
    0x08003094   0x08003094   0x0000002c   Code   RO         4040    locale$$code        c_w.l(lc_numeric_c.o)
    0x080030c0   0x080030c0   0x00000062   Code   RO         3836    x$fpl$d2f           fz_ws.l(d2f.o)
    0x08003122   0x08003122   0x00000002   PAD
    0x08003124   0x08003124   0x00000150   Code   RO         3838    x$fpl$dadd          fz_ws.l(daddsub_clz.o)
    0x08003274   0x08003274   0x00000010   Code   RO         4075    x$fpl$dcheck1       fz_ws.l(dcheck1.o)
    0x08003284   0x08003284   0x00000018   Code   RO         4044    x$fpl$dcmpinf       fz_ws.l(dcmpi.o)
    0x0800329c   0x0800329c   0x000002b0   Code   RO         3845    x$fpl$ddiv          fz_ws.l(ddiv.o)
    0x0800354c   0x0800354c   0x00000078   Code   RO         3945    x$fpl$deqf          fz_ws.l(deqf.o)
    0x080035c4   0x080035c4   0x00000154   Code   RO         3848    x$fpl$dmul          fz_ws.l(dmul.o)
    0x08003718   0x08003718   0x0000009c   Code   RO         3947    x$fpl$dnaninf       fz_ws.l(dnaninf.o)
    0x080037b4   0x080037b4   0x0000000c   Code   RO         3949    x$fpl$dretinf       fz_ws.l(dretinf.o)
    0x080037c0   0x080037c0   0x00000016   Code   RO         3839    x$fpl$drsb          fz_ws.l(daddsub_clz.o)
    0x080037d6   0x080037d6   0x00000002   PAD
    0x080037d8   0x080037d8   0x000001d4   Code   RO         3840    x$fpl$dsub          fz_ws.l(daddsub_clz.o)
    0x080039ac   0x080039ac   0x00000056   Code   RO         3850    x$fpl$f2d           fz_ws.l(f2d.o)
    0x08003a02   0x08003a02   0x00000002   PAD
    0x08003a04   0x08003a04   0x000000c4   Code   RO         3852    x$fpl$fadd          fz_ws.l(faddsub_clz.o)
    0x08003ac8   0x08003ac8   0x00000018   Code   RO         3951    x$fpl$fcmpinf       fz_ws.l(fcmpi.o)
    0x08003ae0   0x08003ae0   0x00000184   Code   RO         3859    x$fpl$fdiv          fz_ws.l(fdiv.o)
    0x08003c64   0x08003c64   0x00000036   Code   RO         3862    x$fpl$ffix          fz_ws.l(ffix.o)
    0x08003c9a   0x08003c9a   0x00000002   PAD
    0x08003c9c   0x08003c9c   0x00000030   Code   RO         3867    x$fpl$fflt          fz_ws.l(fflt_clz.o)
    0x08003ccc   0x08003ccc   0x00000026   Code   RO         3866    x$fpl$ffltu         fz_ws.l(fflt_clz.o)
    0x08003cf2   0x08003cf2   0x00000002   PAD
    0x08003cf4   0x08003cf4   0x00000068   Code   RO         3872    x$fpl$fleqf         fz_ws.l(fleqf.o)
    0x08003d5c   0x08003d5c   0x00000102   Code   RO         3874    x$fpl$fmul          fz_ws.l(fmul.o)
    0x08003e5e   0x08003e5e   0x0000008c   Code   RO         3953    x$fpl$fnaninf       fz_ws.l(fnaninf.o)
    0x08003eea   0x08003eea   0x0000000a   Code   RO         3955    x$fpl$fretinf       fz_ws.l(fretinf.o)
    0x08003ef4   0x08003ef4   0x00000062   Code   RO         3876    x$fpl$frleqf        fz_ws.l(frleqf.o)
    0x08003f56   0x08003f56   0x00000002   PAD
    0x08003f58   0x08003f58   0x000000ea   Code   RO         3854    x$fpl$fsub          fz_ws.l(faddsub_clz.o)
    0x08004042   0x08004042   0x00000004   Code   RO         3878    x$fpl$printf1       fz_ws.l(printf1.o)
    0x08004046   0x08004046   0x00000064   Code   RO         4087    x$fpl$retnan        fz_ws.l(retnan.o)
    0x080040aa   0x080040aa   0x0000005c   Code   RO         4050    x$fpl$scalbn        fz_ws.l(scalbn.o)
    0x08004106   0x08004106   0x00000030   Code   RO         4105    x$fpl$trapveneer    fz_ws.l(trapv.o)
    0x08004136   0x08004136   0x00000000   Code   RO         3957    x$fpl$usenofp       fz_ws.l(usenofp.o)
    0x08004136   0x08004136   0x00000818   Data   RO          311    .constdata          oled12864.o
    0x0800494e   0x0800494e   0x00000c18   Data   RO          596    .constdata          snak_game.o
    0x08005566   0x08005566   0x00000028   Data   RO         3786    .constdata          c_w.l(_printf_hex_int.o)
    0x0800558e   0x0800558e   0x00000011   Data   RO         3816    .constdata          c_w.l(__printf_flags_wp.o)
    0x0800559f   0x0800559f   0x00000001   PAD
    0x080055a0   0x080055a0   0x00000098   Data   RO         3960    .constdata          m_ws.l(atan.o)
    0x08005638   0x08005638   0x00000008   Data   RO         3982    .constdata          m_ws.l(qnan.o)
    0x08005640   0x08005640   0x00000094   Data   RO         4015    .constdata          c_w.l(bigflt0.o)
    0x080056d4   0x080056d4   0x00000020   Data   RO         4154    Region$$Table       anon$$obj.o
    0x080056f4   0x080056f4   0x0000001c   Data   RO         4039    locale$$data        c_w.l(lc_numeric_c.o)


    Execution Region RW_IRAM1 (Exec base: 0x20000000, Load base: 0x08005710, Size: 0x000007c0, Max: 0x00005000, ABSOLUTE)

    Exec Addr    Load Addr    Size         Type   Attr      Idx    E Section Name        Object

    0x20000000   0x08005710   0x00000014   Data   RW          597    .data               snak_game.o
    0x20000014   0x08005724   0x00000001   Data   RW         3743    .data               timer.o
    0x20000015   0x08005725   0x00000003   PAD
    0x20000018        -       0x00000028   Zero   RW          553    .bss                mpu6050.o
    0x20000040        -       0x0000003c   Zero   RW          595    .bss                snak_game.o
    0x2000007c        -       0x000000e4   Zero   RW         3829    .bss                c_w.l(rand.o)
    0x20000160        -       0x00000060   Zero   RW         4057    .bss                c_w.l(libspace.o)
    0x200001c0        -       0x00000200   Zero   RW           18    HEAP                startup_stm32f10x_md.o
    0x200003c0        -       0x00000400   Zero   RW           17    STACK               startup_stm32f10x_md.o


==============================================================================

Image component sizes


      Code (inc. data)   RO Data    RW Data    ZI Data      Debug   Object Name

         0          0          0          0          0       4548   core_cm3.o
        16          0          0          0          0        415   main.o
       112         12          0          0          0       2676   misc.o
       742         42          0          0         40       1961   mpu6050.o
       472         16          0          0          0     217812   mpu6050_i2c.o
       772         26       2072          0          0       6848   oled12864.o
       424         24          0          0          0     208782   oled_i2c.o
      2140        402       3096         20         60       7855   snak_game.o
        64         26        236          0       1536        784   startup_stm32f10x_md.o
       310          0          0          0          0      11891   stm32f10x_gpio.o
        26          0          0          0          0       3702   stm32f10x_it.o
        96         18          0          0          0       1575   stm32f10x_rcc.o
       258         42          0          0          0      24615   stm32f10x_tim.o
       140          0          0          0          0       1416   sys_tick.o
       328         28          0          0          0      30561   system_stm32f10x.o
       192         26          0          1          0       1940   timer.o

    ----------------------------------------------------------------------
      6112        662       5436         24       1636     527381   Object Totals
         0          0         32          0          0          0   (incl. Generated)
        20          0          0          3          0          0   (incl. Padding)

    ----------------------------------------------------------------------

      Code (inc. data)   RO Data    RW Data    ZI Data      Debug   Library Member Name

         8          0          0          0          0         68   __main.o
       312          4         17          0          0         92   __printf_flags_wp.o
        14          0          0          0          0         68   __printf_wp.o
         0          0          0          0          0          0   __rtentry.o
        12          0          0          0          0          0   __rtentry2.o
         6          0          0          0          0          0   __rtentry4.o
        52          8          0          0          0          0   __scatter.o
        26          0          0          0          0          0   __scatter_copy.o
        28          0          0          0          0          0   __scatter_zi.o
        48          6          0          0          0         96   _printf_char_common.o
         6          0          0          0          0          0   _printf_d.o
       120         16          0          0          0         92   _printf_dec.o
         6          0          0          0          0          0   _printf_f.o
      1054          0          0          0          0        216   _printf_fp_dec.o
       128         16          0          0          0         84   _printf_fp_infnan.o
        88          4         40          0          0         88   _printf_hex_int.o
       178          0          0          0          0         88   _printf_intcommon.o
         0          0          0          0          0          0   _printf_percent.o
         4          0          0          0          0          0   _printf_percent_end.o
         6          0          0          0          0          0   _printf_x.o
        22          0          0          0          0        100   _rserrno.o
        10          0          0          0          0         68   _sputc.o
       228          4        148          0          0         96   bigflt0.o
      1936        128          0          0          0        672   btod.o
        18          0          0          0          0         80   exit.o
         6          0          0          0          0        152   heapauxi.o
         0          0          0          0          0          0   indicate_semi.o
        44         10         28          0          0         76   lc_numeric_c.o
         2          0          0          0          0          0   libinit.o
        22          0          0          0          0          0   libinit2.o
         2          0          0          0          0          0   libshutdown.o
         2          0          0          0          0          0   libshutdown2.o
         8          4          0          0         96         68   libspace.o
       138          0          0          0          0         80   lludiv10.o
        40          6          0          0          0         84   noretval__2sprintf.o
       112         18          0          0        228        160   rand.o
         8          4          0          0          0         68   rt_errno_addr_intlibspace.o
         8          4          0          0          0         68   rt_locale_intlibspace.o
         2          0          0          0          0          0   rtexit.o
        10          0          0          0          0          0   rtexit2.o
       128          0          0          0          0         68   strcmpv7m.o
        12          4          0          0          0         68   sys_exit.o
        74          0          0          0          0         80   sys_stackheap_outer.o
         2          0          0          0          0         68   use_no_semi.o
        98          4          0          0          0         92   d2f.o
       826         16          0          0          0        348   daddsub_clz.o
        16          4          0          0          0         68   dcheck1.o
        24          0          0          0          0         68   dcmpi.o
       688        140          0          0          0        208   ddiv.o
       120          4          0          0          0         92   deqf.o
       340         12          0          0          0        104   dmul.o
       156          4          0          0          0         92   dnaninf.o
        12          0          0          0          0         68   dretinf.o
        86          4          0          0          0         84   f2d.o
       430          8          0          0          0        168   faddsub_clz.o
        24          0          0          0          0         68   fcmpi.o
       388         76          0          0          0         96   fdiv.o
        54          4          0          0          0         84   ffix.o
        86          0          0          0          0        136   fflt_clz.o
       104          4          0          0          0         84   fleqf.o
       258          4          0          0          0         84   fmul.o
       140          4          0          0          0         84   fnaninf.o
        10          0          0          0          0         68   fretinf.o
        98          0          0          0          0         68   frleqf.o
         4          0          0          0          0         68   printf1.o
       100          0          0          0          0         68   retnan.o
        92          0          0          0          0         68   scalbn.o
        48          0          0          0          0         68   trapv.o
         0          0          0          0          0          0   usenofp.o
       544         70        152          0          0        124   atan.o
       412         38          0          0          0        144   atan2.o
        26          6          0          0          0        204   dunder.o
        40          0          0          0          0         68   fpclassify.o
       170          0          0          0          0         96   poly.o
         0          0          8          0          0          0   qnan.o

    ----------------------------------------------------------------------
     10346        638        394          0        324       6020   Library Totals
        22          0          1          0          0          0   (incl. Padding)

    ----------------------------------------------------------------------

      Code (inc. data)   RO Data    RW Data    ZI Data      Debug   Library Name

      4930        236        233          0        324       2948   c_w.l
      4202        288          0          0          0       2436   fz_ws.l
      1192        114        160          0          0        636   m_ws.l

    ----------------------------------------------------------------------
     10346        638        394          0        324       6020   Library Totals

    ----------------------------------------------------------------------

==============================================================================


      Code (inc. data)   RO Data    RW Data    ZI Data      Debug   

     16458       1300       5830         24       1960     526117   Grand Totals
     16458       1300       5830         24       1960     526117   ELF Image Totals
     16458       1300       5830         24          0          0   ROM Totals

==============================================================================

    Total RO  Size (Code + RO Data)                22288 (  21.77kB)
    Total RW  Size (RW Data + ZI Data)              1984 (   1.94kB)
    Total ROM Size (Code + RO Data + RW Data)      22312 (  21.79kB)

==============================================================================

